Archive member included to satisfy reference by file (symbol)

e:/mounriver/mounriver_studio2/resources/app/resources/win32/components/wch/toolchain/risc-v embedded gcc/bin/../lib/gcc/riscv-none-embed/8.2.0/../../../../riscv-none-embed/lib/rv32ecxw/ilp32e\libprintf.a(wchprintf.o)
                              ./User/main.o (printf)
e:/mounriver/mounriver_studio2/resources/app/resources/win32/components/wch/toolchain/risc-v embedded gcc/bin/../lib/gcc/riscv-none-embed/8.2.0/rv32ecxw/ilp32e\libgcc.a(save-restore.o)
                              ./User/main.o (__riscv_save_2)
e:/mounriver/mounriver_studio2/resources/app/resources/win32/components/wch/toolchain/risc-v embedded gcc/bin/../lib/gcc/riscv-none-embed/8.2.0/rv32ecxw/ilp32e\libgcc.a(muldi3.o)
                              ./Debug/debug.o (__mulsi3)
e:/mounriver/mounriver_studio2/resources/app/resources/win32/components/wch/toolchain/risc-v embedded gcc/bin/../lib/gcc/riscv-none-embed/8.2.0/rv32ecxw/ilp32e\libgcc.a(div.o)
                              ./Peripheral/src/ch32v00x_usart.o (__divsi3)
e:/mounriver/mounriver_studio2/resources/app/resources/win32/components/wch/toolchain/risc-v embedded gcc/bin/../lib/gcc/riscv-none-embed/8.2.0/../../../../riscv-none-embed/lib/rv32ecxw/ilp32e\libg_nano.a(lib_a-memset.o)
                              ./External/MultiButton/multi_button.o (memset)
e:/mounriver/mounriver_studio2/resources/app/resources/win32/components/wch/toolchain/risc-v embedded gcc/bin/../lib/gcc/riscv-none-embed/8.2.0/../../../../riscv-none-embed/lib/rv32ecxw/ilp32e\libg_nano.a(lib_a-rand.o)
                              ./User/main.o (srand)
e:/mounriver/mounriver_studio2/resources/app/resources/win32/components/wch/toolchain/risc-v embedded gcc/bin/../lib/gcc/riscv-none-embed/8.2.0/../../../../riscv-none-embed/lib/rv32ecxw/ilp32e\libg_nano.a(lib_a-impure.o)
                              e:/mounriver/mounriver_studio2/resources/app/resources/win32/components/wch/toolchain/risc-v embedded gcc/bin/../lib/gcc/riscv-none-embed/8.2.0/../../../../riscv-none-embed/lib/rv32ecxw/ilp32e\libg_nano.a(lib_a-rand.o) (_impure_ptr)
e:/mounriver/mounriver_studio2/resources/app/resources/win32/components/wch/toolchain/risc-v embedded gcc/bin/../lib/gcc/riscv-none-embed/8.2.0/../../../../riscv-none-embed/lib/rv32ecxw/ilp32e\libg_nano.a(lib_a-malloc.o)
                              e:/mounriver/mounriver_studio2/resources/app/resources/win32/components/wch/toolchain/risc-v embedded gcc/bin/../lib/gcc/riscv-none-embed/8.2.0/../../../../riscv-none-embed/lib/rv32ecxw/ilp32e\libg_nano.a(lib_a-rand.o) (malloc)
e:/mounriver/mounriver_studio2/resources/app/resources/win32/components/wch/toolchain/risc-v embedded gcc/bin/../lib/gcc/riscv-none-embed/8.2.0/../../../../riscv-none-embed/lib/rv32ecxw/ilp32e\libg_nano.a(lib_a-nano-freer.o)
                              e:/mounriver/mounriver_studio2/resources/app/resources/win32/components/wch/toolchain/risc-v embedded gcc/bin/../lib/gcc/riscv-none-embed/8.2.0/../../../../riscv-none-embed/lib/rv32ecxw/ilp32e\libg_nano.a(lib_a-malloc.o) (_free_r)
e:/mounriver/mounriver_studio2/resources/app/resources/win32/components/wch/toolchain/risc-v embedded gcc/bin/../lib/gcc/riscv-none-embed/8.2.0/../../../../riscv-none-embed/lib/rv32ecxw/ilp32e\libg_nano.a(lib_a-nano-mallocr.o)
                              e:/mounriver/mounriver_studio2/resources/app/resources/win32/components/wch/toolchain/risc-v embedded gcc/bin/../lib/gcc/riscv-none-embed/8.2.0/../../../../riscv-none-embed/lib/rv32ecxw/ilp32e\libg_nano.a(lib_a-malloc.o) (_malloc_r)
e:/mounriver/mounriver_studio2/resources/app/resources/win32/components/wch/toolchain/risc-v embedded gcc/bin/../lib/gcc/riscv-none-embed/8.2.0/../../../../riscv-none-embed/lib/rv32ecxw/ilp32e\libg_nano.a(lib_a-sbrkr.o)
                              e:/mounriver/mounriver_studio2/resources/app/resources/win32/components/wch/toolchain/risc-v embedded gcc/bin/../lib/gcc/riscv-none-embed/8.2.0/../../../../riscv-none-embed/lib/rv32ecxw/ilp32e\libg_nano.a(lib_a-nano-mallocr.o) (_sbrk_r)
e:/mounriver/mounriver_studio2/resources/app/resources/win32/components/wch/toolchain/risc-v embedded gcc/bin/../lib/gcc/riscv-none-embed/8.2.0/../../../../riscv-none-embed/lib/rv32ecxw/ilp32e\libg_nano.a(lib_a-mlock.o)
                              e:/mounriver/mounriver_studio2/resources/app/resources/win32/components/wch/toolchain/risc-v embedded gcc/bin/../lib/gcc/riscv-none-embed/8.2.0/../../../../riscv-none-embed/lib/rv32ecxw/ilp32e\libg_nano.a(lib_a-nano-freer.o) (__malloc_lock)
e:/mounriver/mounriver_studio2/resources/app/resources/win32/components/wch/toolchain/risc-v embedded gcc/bin/../lib/gcc/riscv-none-embed/8.2.0/../../../../riscv-none-embed/lib/rv32ecxw/ilp32e\libg_nano.a(lib_a-reent.o)
[...]
Memory Configuration

Name             Origin             Length             Attributes
FLASH            0x0000000000000000 0x0000000000004000 xr
RAM              0x0000000020000000 0x0000000000000800 xrw
*default*        0x0000000000000000 0xffffffffffffffff

Linker script and memory map

LOAD ./User/ch32v00x_it.o
LOAD ./User/main.o
LOAD ./User/system_ch32v00x.o
LOAD ./Startup/startup_ch32v00x.o
LOAD ./Peripheral/src/ch32v00x_adc.o
LOAD ./Peripheral/src/ch32v00x_dbgmcu.o
LOAD ./Peripheral/src/ch32v00x_dma.o
LOAD ./Peripheral/src/ch32v00x_exti.o
LOAD ./Peripheral/src/ch32v00x_flash.o
LOAD ./Peripheral/src/ch32v00x_gpio.o
LOAD ./Peripheral/src/ch32v00x_i2c.o
LOAD ./Peripheral/src/ch32v00x_iwdg.o
LOAD ./Peripheral/src/ch32v00x_misc.o
LOAD ./Peripheral/src/ch32v00x_opa.o
LOAD ./Peripheral/src/ch32v00x_pwr.o
LOAD ./Peripheral/src/ch32v00x_rcc.o
LOAD ./Peripheral/src/ch32v00x_spi.o
LOAD ./Peripheral/src/ch32v00x_tim.o
LOAD ./Peripheral/src/ch32v00x_usart.o
LOAD ./Peripheral/src/ch32v00x_wwdg.o
LOAD ./External/MultiButton/multi_button.o
LOAD ./External/CX588/CX588.o
LOAD ./Debug/debug.o
LOAD ./Core/core_riscv.o
LOAD e:/mounriver/mounriver_studio2/resources/app/resources/win32/components/wch/toolchain/risc-v embedded gcc/bin/../lib/gcc/riscv-none-embed/8.2.0/../../../../riscv-none-embed/lib/rv32ecxw/ilp32e\libprintf.a
LOAD e:/mounriver/mounriver_studio2/resources/app/resources/win32/components/wch/toolchain/risc-v embedded gcc/bin/../lib/gcc/riscv-none-embed/8.2.0/rv32ecxw/ilp32e\libgcc.a
LOAD e:/mounriver/mounriver_studio2/resources/app/resources/win32/components/wch/toolchain/risc-v embedded gcc/bin/../lib/gcc/riscv-none-embed/8.2.0/../../../../riscv-none-embed/lib/rv32ecxw/ilp32e\libg_nano.a
LOAD e:/mounriver/mounriver_studio2/resources/app/resources/win32/components/wch/toolchain/risc-v embedded gcc/bin/../lib/gcc/riscv-none-embed/8.2.0/../../../../riscv-none-embed/lib/rv32ecxw/ilp32e\libc_nano.a
LOAD e:/mounriver/mounriver_studio2/resources/app/resources/win32/components/wch/toolchain/risc-v embedded gcc/bin/../lib/gcc/riscv-none-embed/8.2.0/rv32ecxw/ilp32e\libgcc.a
START GROUP
LOAD e:/mounriver/mounriver_studio2/resources/app/resources/win32/components/wch/toolchain/risc-v embedded gcc/bin/../lib/gcc/riscv-none-embed/8.2.0/rv32ecxw/ilp32e\libgcc.a
LOAD e:/mounriver/mounriver_studio2/resources/app/resources/win32/components/wch/toolchain/risc-v embedded gcc/bin/../lib/gcc/riscv-none-embed/8.2.0/../../../../riscv-none-embed/lib/rv32ecxw/ilp32e\libc_nano.a
LOAD e:/mounriver/mounriver_studio2/resources/app/resources/win32/components/wch/toolchain/risc-v embedded gcc/bin/../lib/gcc/riscv-none-embed/8.2.0/../../../../riscv-none-embed/lib/rv32ecxw/ilp32e\libnosys.a
END GROUP
START GROUP
LOAD e:/mounriver/mounriver_studio2/resources/app/resources/win32/components/wch/toolchain/risc-v embedded gcc/bin/../lib/gcc/riscv-none-embed/8.2.0/rv32ecxw/ilp32e\libgcc.a
LOAD e:/mounriver/mounriver_studio2/resources/app/resources/win32/components/wch/toolchain/risc-v embedded gcc/bin/../lib/gcc/riscv-none-embed/8.2.0/../../../../riscv-none-embed/lib/rv32ecxw/ilp32e\libc_nano.a
LOAD e:/mounriver/mounriver_studio2/resources/app/resources/win32/components/wch/toolchain/risc-v embedded gcc/bin/../lib/gcc/riscv-none-embed/8.2.0/../../../../riscv-none-embed/lib/rv32ecxw/ilp32e\libnosys.a
END GROUP
                0x0000000000000100                __stack_size = 0x100
                [!provide]                        PROVIDE (_stack_size = __stack_size)

.init           0x0000000000000000       0xa0
                0x0000000000000000                _sinit = .
                0x0000000000000000                . = ALIGN (0x4)
 *(SORT_NONE(.init))
 .init          0x0000000000000000       0x9e ./Startup/startup_ch32v00x.o
                0x0000000000000000                _start
                0x00000000000000a0                . = ALIGN (0x4)
 *fill*         0x000000000000009e        0x2 
                0x00000000000000a0                _einit = .

.highcodelalign
                0x00000000000000a0        0x0
                0x00000000000000a0                . = ALIGN (0x4)
                0x00000000000000a0                PROVIDE (_highcode_lma = .)

.highcode       0x0000000020000000        0xc load address 0x00000000000000a0
                0x0000000020000000                . = ALIGN (0x4)
                0x0000000020000000                PROVIDE (_highcode_vma_start = .)
 *(.highcode)
 .highcode      0x0000000020000000        0xa ./Core/core_riscv.o
                0x0000000020000000                WFE
 *(.highcode.*)
                0x000000002000000c                . = ALIGN (0x4)
 *fill*         0x000000002000000a        0x2 
                0x000000002000000c                PROVIDE (_highcode_vma_end = .)

.text           0x00000000000000b0     0x1960
                0x00000000000000b0                . = ALIGN (0x4)
 *(.text)
 .text          0x00000000000000b0       0x14 e:/mounriver/mounriver_studio2/resources/app/resources/win32/components/wch/toolchain/risc-v embedded gcc/bin/../lib/gcc/riscv-none-embed/8.2.0/rv32ecxw/ilp32e\libgcc.a(save-restore.o)
                0x00000000000000b0                __riscv_save_1
                0x00000000000000b0                __riscv_save_2
                0x00000000000000b0                __riscv_save_0
                0x00000000000000ba                __riscv_restore_0
                0x00000000000000ba                __riscv_restore_1
                0x00000000000000ba                __riscv_restore_2
 .text          0x00000000000000c4       0x16 e:/mounriver/mounriver_studio2/resources/app/resources/win32/components/wch/toolchain/risc-v embedded gcc/bin/../lib/gcc/riscv-none-embed/8.2.0/rv32ecxw/ilp32e\libgcc.a(muldi3.o)
                0x00000000000000c4                __mulsi3
 *fill*         0x00000000000000da        0x2 
 .text          0x00000000000000dc       0x7e e:/mounriver/mounriver_studio2/resources/app/resources/win32/components/wch/toolchain/risc-v embedded gcc/bin/../lib/gcc/riscv-none-embed/8.2.0/rv32ecxw/ilp32e\libgcc.a(div.o)
                0x00000000000000dc                __divsi3
                0x00000000000000e4                __udivsi3
                0x0000000000000110                __umodsi3
                0x0000000000000134                __modsi3
 .text          0x000000000000015a       0xa8 e:/mounriver/mounriver_studio2/resources/app/resources/win32/components/wch/toolchain/risc-v embedded gcc/bin/../lib/gcc/riscv-none-embed/8.2.0/../../../../riscv-none-embed/lib/rv32ecxw/ilp32e\libg_nano.a(lib_a-memset.o)
                0x000000000000015a                memset
 *(.text.*)
 .text.NMI_Handler
                0x0000000000000202        0x2 ./User/ch32v00x_it.o
                0x0000000000000202                NMI_Handler
 .text.HardFault_Handler
                0x0000000000000204       0x10 ./User/ch32v00x_it.o
                0x0000000000000204                HardFault_Handler
 .text.TIM1_UP_IRQHandler
                0x0000000000000214       0x34 ./User/ch32v00x_it.o
                0x0000000000000214                TIM1_UP_IRQHandler
 .text.EXTI7_0_IRQHandler
                0x0000000000000248       0x30 ./User/ch32v00x_it.o
                0x0000000000000248                EXTI7_0_IRQHandler
 .text.BTN1_PRESS_DOWN_Handler
                0x0000000000000278       0x56 ./User/main.o
                0x0000000000000278                BTN1_PRESS_DOWN_Handler
 .text.Vibration_Switch_Read_Key
                0x00000000000002ce       0x14 ./User/main.o
                0x00000000000002ce                Vibration_Switch_Read_Key
 .text.Vibration_Switch_EXTI_INIT
                0x00000000000002e2       0x2a ./User/main.o
                0x00000000000002e2                Vibration_Switch_EXTI_INIT
 .text.Vibration_Switch_GPIO_INIT
                0x000000000000030c       0x42 ./User/main.o
                0x000000000000030c                Vibration_Switch_GPIO_INIT
 .text.TIM1_INT_Init
                0x000000000000034e       0x6c ./User/main.o
                0x000000000000034e                TIM1_INT_Init
 .text.LED_GPIO_INIT
                0x00000000000003ba       0x32 ./User/main.o
                0x00000000000003ba                LED_GPIO_INIT
 .text.startup.main
                0x00000000000003ec      0x154 ./User/main.o
                0x00000000000003ec                main
 .text.SystemInit
                0x0000000000000540      0x132 ./User/system_ch32v00x.o
                0x0000000000000540                SystemInit
 .text.SystemCoreClockUpdate
                0x0000000000000672       0x68 ./User/system_ch32v00x.o
                0x0000000000000672                SystemCoreClockUpdate
 .text.vector_handler
                0x00000000000006da        0x2 ./Startup/startup_ch32v00x.o
                0x00000000000006da                TIM1_CC_IRQHandler
                0x00000000000006da                SysTick_Handler
                0x00000000000006da                PVD_IRQHandler
                0x00000000000006da                SPI1_IRQHandler
                0x00000000000006da                AWU_IRQHandler
                0x00000000000006da                DMA1_Channel4_IRQHandler
                0x00000000000006da                ADC1_IRQHandler
                0x00000000000006da                DMA1_Channel7_IRQHandler
                0x00000000000006da                I2C1_EV_IRQHandler
                0x00000000000006da                DMA1_Channel6_IRQHandler
                0x00000000000006da                RCC_IRQHandler
                0x00000000000006da                TIM1_TRG_COM_IRQHandler
                0x00000000000006da                DMA1_Channel1_IRQHandler
                0x00000000000006da                DMA1_Channel5_IRQHandler
                0x00000000000006da                DMA1_Channel3_IRQHandler
                0x00000000000006da                WWDG_IRQHandler
                0x00000000000006da                TIM2_IRQHandler
                0x00000000000006da                SW_Handler
                0x00000000000006da                TIM1_BRK_IRQHandler
                0x00000000000006da                DMA1_Channel2_IRQHandler
                0x00000000000006da                FLASH_IRQHandler
                0x00000000000006da                USART1_IRQHandler
                0x00000000000006da                I2C1_ER_IRQHandler
 .text.handle_reset
                0x00000000000006dc       0xa8 ./Startup/startup_ch32v00x.o
                0x00000000000006dc                handle_reset
 .text.DBGMCU_GetCHIPID
                0x0000000000000784        0xa ./Peripheral/src/ch32v00x_dbgmcu.o
                0x0000000000000784                DBGMCU_GetCHIPID
 .text.EXTI_Init
                0x000000000000078e       0x6a ./Peripheral/src/ch32v00x_exti.o
                0x000000000000078e                EXTI_Init
 .text.EXTI_GetITStatus
                0x00000000000007f8       0x1e ./Peripheral/src/ch32v00x_exti.o
                0x00000000000007f8                EXTI_GetITStatus
 .text.EXTI_ClearITPendingBit
                0x0000000000000816        0xa ./Peripheral/src/ch32v00x_exti.o
                0x0000000000000816                EXTI_ClearITPendingBit
 .text.GPIO_Init
                0x0000000000000820       0x7c ./Peripheral/src/ch32v00x_gpio.o
                0x0000000000000820                GPIO_Init
 .text.GPIO_ReadInputDataBit
                0x000000000000089c        0xa ./Peripheral/src/ch32v00x_gpio.o
                0x000000000000089c                GPIO_ReadInputDataBit
 .text.GPIO_SetBits
                0x00000000000008a6        0x4 ./Peripheral/src/ch32v00x_gpio.o
                0x00000000000008a6                GPIO_SetBits
 .text.GPIO_ResetBits
                0x00000000000008aa        0x4 ./Peripheral/src/ch32v00x_gpio.o
                0x00000000000008aa                GPIO_ResetBits
 .text.GPIO_WriteBit
                0x00000000000008ae        0xa ./Peripheral/src/ch32v00x_gpio.o
                0x00000000000008ae                GPIO_WriteBit
 .text.GPIO_PinRemapConfig
                0x00000000000008b8       0xc4 ./Peripheral/src/ch32v00x_gpio.o
                0x00000000000008b8                GPIO_PinRemapConfig
 .text.GPIO_EXTILineConfig
                0x000000000000097c       0x22 ./Peripheral/src/ch32v00x_gpio.o
                0x000000000000097c                GPIO_EXTILineConfig
 .text.NVIC_Init
                0x000000000000099e       0x54 ./Peripheral/src/ch32v00x_misc.o
                0x000000000000099e                NVIC_Init
 .text.RCC_AdjustHSICalibrationValue
                0x00000000000009f2       0x12 ./Peripheral/src/ch32v00x_rcc.o
                0x00000000000009f2                RCC_AdjustHSICalibrationValue
 .text.RCC_GetClocksFreq
                0x0000000000000a04       0xa2 ./Peripheral/src/ch32v00x_rcc.o
                0x0000000000000a04                RCC_GetClocksFreq
 .text.RCC_APB2PeriphClockCmd
                0x0000000000000aa6       0x1e ./Peripheral/src/ch32v00x_rcc.o
                0x0000000000000aa6                RCC_APB2PeriphClockCmd
 .text.TIM_TimeBaseInit
                0x0000000000000ac4       0x4e ./Peripheral/src/ch32v00x_tim.o
                0x0000000000000ac4                TIM_TimeBaseInit
 .text.TIM_Cmd  0x0000000000000b12       0x18 ./Peripheral/src/ch32v00x_tim.o
                0x0000000000000b12                TIM_Cmd
 .text.TIM_ITConfig
                0x0000000000000b2a       0x12 ./Peripheral/src/ch32v00x_tim.o
                0x0000000000000b2a                TIM_ITConfig
 .text.TIM_GetITStatus
                0x0000000000000b3c       0x18 ./Peripheral/src/ch32v00x_tim.o
                0x0000000000000b3c                TIM_GetITStatus
 .text.TIM_ClearITPendingBit
                0x0000000000000b54        0xc ./Peripheral/src/ch32v00x_tim.o
                0x0000000000000b54                TIM_ClearITPendingBit
 .text.USART_Init
                0x0000000000000b60       0xcc ./Peripheral/src/ch32v00x_usart.o
                0x0000000000000b60                USART_Init
 .text.USART_Cmd
                0x0000000000000c2c       0x16 ./Peripheral/src/ch32v00x_usart.o
                0x0000000000000c2c                USART_Cmd
 .text.USART_SendData
                0x0000000000000c42        0x8 ./Peripheral/src/ch32v00x_usart.o
                0x0000000000000c42                USART_SendData
 .text.USART_GetFlagStatus
                0x0000000000000c4a        0xa ./Peripheral/src/ch32v00x_usart.o
                0x0000000000000c4a                USART_GetFlagStatus
 .text.button_init
                0x0000000000000c54       0x34 ./External/MultiButton/multi_button.o
                0x0000000000000c54                button_init
 .text.button_attach
                0x0000000000000c88        0x8 ./External/MultiButton/multi_button.o
                0x0000000000000c88                button_attach
 .text.button_start
                0x0000000000000c90       0x20 ./External/MultiButton/multi_button.o
                0x0000000000000c90                button_start
 .text.button_ticks
                0x0000000000000cb0      0x210 ./External/MultiButton/multi_button.o
                0x0000000000000cb0                button_ticks
 .text.CX588_OneWire_WriteByte
                0x0000000000000ec0       0x6c ./External/CX588/CX588.o
 .text.CX588_GOIO_INIT
                0x0000000000000f2c       0x52 ./External/CX588/CX588.o
                0x0000000000000f2c                CX588_GOIO_INIT
 .text.CX588_SET_Sound_Size
                0x0000000000000f7e        0xe ./External/CX588/CX588.o
                0x0000000000000f7e                CX588_SET_Sound_Size
 .text.CX588_Play_Sound
                0x0000000000000f8c       0x18 ./External/CX588/CX588.o
                0x0000000000000f8c                CX588_Play_Sound
 .text.CX588_Get_Busy_State
                0x0000000000000fa4       0x12 ./External/CX588/CX588.o
                0x0000000000000fa4                CX588_Get_Busy_State
 .text.Delay_Init
                0x0000000000000fb6       0x34 ./Debug/debug.o
                0x0000000000000fb6                Delay_Init
 .text.Delay_Us
                0x0000000000000fea       0x3a ./Debug/debug.o
                0x0000000000000fea                Delay_Us
 .text.Delay_Ms
                0x0000000000001024       0x3a ./Debug/debug.o
                0x0000000000001024                Delay_Ms
 .text.USART_Printf_Init
                0x000000000000105e       0x62 ./Debug/debug.o
                0x000000000000105e                USART_Printf_Init
 .text._write   0x00000000000010c0       0x4c ./Debug/debug.o
                0x00000000000010c0                _write
 .text._sbrk    0x000000000000110c       0x26 ./Debug/debug.o
                0x000000000000110c                _sbrk
 .text.printchar
                0x0000000000001132       0x48 e:/mounriver/mounriver_studio2/resources/app/resources/win32/components/wch/toolchain/risc-v embedded gcc/bin/../lib/gcc/riscv-none-embed/8.2.0/../../../../riscv-none-embed/lib/rv32ecxw/ilp32e\libprintf.a(wchprintf.o)
                0x0000000000001132                printchar
 .text.prints   0x000000000000117a       0xe6 e:/mounriver/mounriver_studio2/resources/app/resources/win32/components/wch/toolchain/risc-v embedded gcc/bin/../lib/gcc/riscv-none-embed/8.2.0/../../../../riscv-none-embed/lib/rv32ecxw/ilp32e\libprintf.a(wchprintf.o)
                0x000000000000117a                prints
 .text.printInt
                0x0000000000001260      0x10e e:/mounriver/mounriver_studio2/resources/app/resources/win32/components/wch/toolchain/risc-v embedded gcc/bin/../lib/gcc/riscv-none-embed/8.2.0/../../../../riscv-none-embed/lib/rv32ecxw/ilp32e\libprintf.a(wchprintf.o)
                0x0000000000001260                printInt
 .text.printLongLongInt
                0x000000000000136e        0x4 e:/mounriver/mounriver_studio2/resources/app/resources/win32/components/wch/toolchain/risc-v embedded gcc/bin/../lib/gcc/riscv-none-embed/8.2.0/../../../../riscv-none-embed/lib/rv32ecxw/ilp32e\libprintf.a(wchprintf.o)
                0x000000000000136e                printLongLongInt
 .text.printDouble
                0x0000000000001372        0x4 e:/mounriver/mounriver_studio2/resources/app/resources/win32/components/wch/toolchain/risc-v embedded gcc/bin/../lib/gcc/riscv-none-embed/8.2.0/../../../../riscv-none-embed/lib/rv32ecxw/ilp32e\libprintf.a(wchprintf.o)
                0x0000000000001372                printDouble
 .text.print    0x0000000000001376      0x352 e:/mounriver/mounriver_studio2/resources/app/resources/win32/components/wch/toolchain/risc-v embedded gcc/bin/../lib/gcc/riscv-none-embed/8.2.0/../../../../riscv-none-embed/lib/rv32ecxw/ilp32e\libprintf.a(wchprintf.o)
                0x0000000000001376                print
 .text.printf   0x00000000000016c8       0x22 e:/mounriver/mounriver_studio2/resources/app/resources/win32/components/wch/toolchain/risc-v embedded gcc/bin/../lib/gcc/riscv-none-embed/8.2.0/../../../../riscv-none-embed/lib/rv32ecxw/ilp32e\libprintf.a(wchprintf.o)
                0x00000000000016c8                printf
 .text.puts     0x00000000000016ea       0x4a e:/mounriver/mounriver_studio2/resources/app/resources/win32/components/wch/toolchain/risc-v embedded gcc/bin/../lib/gcc/riscv-none-embed/8.2.0/../../../../riscv-none-embed/lib/rv32ecxw/ilp32e\libprintf.a(wchprintf.o)
                0x00000000000016ea                puts
 .text.srand    0x0000000000001734       0x5a e:/mounriver/mounriver_studio2/resources/app/resources/win32/components/wch/toolchain/risc-v embedded gcc/bin/../lib/gcc/riscv-none-embed/8.2.0/../../../../riscv-none-embed/lib/rv32ecxw/ilp32e\libg_nano.a(lib_a-rand.o)
                0x0000000000001734                srand
 .text.rand     0x000000000000178e       0x72 e:/mounriver/mounriver_studio2/resources/app/resources/win32/components/wch/toolchain/risc-v embedded gcc/bin/../lib/gcc/riscv-none-embed/8.2.0/../../../../riscv-none-embed/lib/rv32ecxw/ilp32e\libg_nano.a(lib_a-rand.o)
                0x000000000000178e                rand
 .text.malloc   0x0000000000001800        0xe e:/mounriver/mounriver_studio2/resources/app/resources/win32/components/wch/toolchain/risc-v embedded gcc/bin/../lib/gcc/riscv-none-embed/8.2.0/../../../../riscv-none-embed/lib/rv32ecxw/ilp32e\libg_nano.a(lib_a-malloc.o)
                0x0000000000001800                malloc
 .text._malloc_r
                0x000000000000180e       0xd4 e:/mounriver/mounriver_studio2/resources/app/resources/win32/components/wch/toolchain/risc-v embedded gcc/bin/../lib/gcc/riscv-none-embed/8.2.0/../../../../riscv-none-embed/lib/rv32ecxw/ilp32e\libg_nano.a(lib_a-nano-mallocr.o)
                0x000000000000180e                _malloc_r
 .text._sbrk_r  0x00000000000018e2       0x2a e:/mounriver/mounriver_studio2/resources/app/resources/win32/components/wch/toolchain/risc-v embedded gcc/bin/../lib/gcc/riscv-none-embed/8.2.0/../../../../riscv-none-embed/lib/rv32ecxw/ilp32e\libg_nano.a(lib_a-sbrkr.o)
                0x00000000000018e2                _sbrk_r
 .text.__malloc_lock
                0x000000000000190c        0x2 e:/mounriver/mounriver_studio2/resources/app/resources/win32/components/wch/toolchain/risc-v embedded gcc/bin/../lib/gcc/riscv-none-embed/8.2.0/../../../../riscv-none-embed/lib/rv32ecxw/ilp32e\libg_nano.a(lib_a-mlock.o)
                0x000000000000190c                __malloc_lock
 .text.__malloc_unlock
                0x000000000000190e        0x2 e:/mounriver/mounriver_studio2/resources/app/resources/win32/components/wch/toolchain/risc-v embedded gcc/bin/../lib/gcc/riscv-none-embed/8.2.0/../../../../riscv-none-embed/lib/rv32ecxw/ilp32e\libg_nano.a(lib_a-mlock.o)
                0x000000000000190e                __malloc_unlock
 .text.__muldi3
                0x0000000000001910       0x6a e:/mounriver/mounriver_studio2/resources/app/resources/win32/components/wch/toolchain/risc-v embedded gcc/bin/../lib/gcc/riscv-none-embed/8.2.0/rv32ecxw/ilp32e\libgcc.a(multi3.o)
                0x0000000000001910                __muldi3
 *(.rodata)
 *(.rodata*)
 *fill*         0x000000000000197a        0x2 
 .rodata.EXTI7_0_IRQHandler.str1.4
                0x000000000000197c        0xf ./User/ch32v00x_it.o
 *fill*         0x000000000000198b        0x1 
 .rodata.BTN1_PRESS_DOWN_Handler.str1.4
                0x000000000000198c       0x28 ./User/main.o
 .rodata.main.str1.4
                0x00000000000019b4       0x2e ./User/main.o
 *fill*         0x00000000000019e2        0x2 
 .rodata.button_ticks
                0x00000000000019e4       0x18 ./External/MultiButton/multi_button.o
 .rodata.print.str1.4
                0x00000000000019fc        0x8 e:/mounriver/mounriver_studio2/resources/app/resources/win32/components/wch/toolchain/risc-v embedded gcc/bin/../lib/gcc/riscv-none-embed/8.2.0/../../../../riscv-none-embed/lib/rv32ecxw/ilp32e\libprintf.a(wchprintf.o)
                                          0x7 (size before relaxing)
 *fill*         0x0000000000001a04        0x4 
 .rodata.rand.cst8
                0x0000000000001a08        0x8 e:/mounriver/mounriver_studio2/resources/app/resources/win32/components/wch/toolchain/risc-v embedded gcc/bin/../lib/gcc/riscv-none-embed/8.2.0/../../../../riscv-none-embed/lib/rv32ecxw/ilp32e\libg_nano.a(lib_a-rand.o)
 *(.gnu.linkonce.t.*)
                0x0000000000001a10                . = ALIGN (0x4)

.rela.dyn       0x0000000000001a10        0x0
 .rela.text.BTN1_PRESS_DOWN_Handler
                0x0000000000001a10        0x0 ./User/ch32v00x_it.o
 .rela.text.startup.main
                0x0000000000001a10        0x0 ./User/ch32v00x_it.o
 .rela.init     0x0000000000001a10        0x0 ./User/ch32v00x_it.o
 .rela.text.handle_reset
                0x0000000000001a10        0x0 ./User/ch32v00x_it.o
 .rela.text._sbrk
                0x0000000000001a10        0x0 ./User/ch32v00x_it.o
 .rela.data.curbrk.4094
                0x0000000000001a10        0x0 ./User/ch32v00x_it.o
 .rela.text.prints
                0x0000000000001a10        0x0 ./User/ch32v00x_it.o
 .rela.text.printInt
                0x0000000000001a10        0x0 ./User/ch32v00x_it.o
 .rela.text.print
                0x0000000000001a10        0x0 ./User/ch32v00x_it.o
 .rela.text.printf
                0x0000000000001a10        0x0 ./User/ch32v00x_it.o
 .rela.data.impure_data
                0x0000000000001a10        0x0 ./User/ch32v00x_it.o
 .rela.text._sbrk_r
                0x0000000000001a10        0x0 ./User/ch32v00x_it.o

.fini           0x0000000000001a10        0x0
 *(SORT_NONE(.fini))
                0x0000000000001a10                . = ALIGN (0x4)
                [!provide]                        PROVIDE (_etext = .)
                [!provide]                        PROVIDE (_eitcm = .)

.preinit_array  0x0000000000001a10        0x0
                [!provide]                        PROVIDE (__preinit_array_start = .)
 *(.preinit_array)
                [!provide]                        PROVIDE (__preinit_array_end = .)

.init_array     0x0000000000001a10        0x0
                [!provide]                        PROVIDE (__init_array_start = .)
 *(SORT_BY_INIT_PRIORITY(.init_array.*) SORT_BY_INIT_PRIORITY(.ctors.*))
 *(.init_array EXCLUDE_FILE(*crtend?.o *crtend.o *crtbegin?.o *crtbegin.o) .ctors)
                [!provide]                        PROVIDE (__init_array_end = .)

.fini_array     0x0000000000001a10        0x0
                [!provide]                        PROVIDE (__fini_array_start = .)
 *(SORT_BY_INIT_PRIORITY(.fini_array.*) SORT_BY_INIT_PRIORITY(.dtors.*))
 *(.fini_array EXCLUDE_FILE(*crtend?.o *crtend.o *crtbegin?.o *crtbegin.o) .dtors)
                [!provide]                        PROVIDE (__fini_array_end = .)

.ctors
 *crtbegin.o(.ctors)
 *crtbegin?.o(.ctors)
 *(EXCLUDE_FILE(*crtend?.o *crtend.o) .ctors)
 *(SORT_BY_NAME(.ctors.*))
 *(.ctors)

.dtors
 *crtbegin.o(.dtors)
 *crtbegin?.o(.dtors)
 *(EXCLUDE_FILE(*crtend?.o *crtend.o) .dtors)
 *(SORT_BY_NAME(.dtors.*))
 *(.dtors)

.dalign         0x000000002000000c        0x0 load address 0x0000000000001a10
                0x000000002000000c                . = ALIGN (0x4)
                0x000000002000000c                PROVIDE (_data_vma = .)

.dlalign        0x0000000000001a10        0x0
                0x0000000000001a10                . = ALIGN (0x4)
                0x0000000000001a10                PROVIDE (_data_lma = .)

.data           0x000000002000000c       0xac load address 0x0000000000001a10
                0x000000002000000c                . = ALIGN (0x4)
 *(.gnu.linkonce.r.*)
 *(.data .data.*)
 .data.IDLE_TIME_OUT
                0x000000002000000c        0x4 ./User/main.o
                0x000000002000000c                IDLE_TIME_OUT
 .data.AHBPrescTable
                0x0000000020000010       0x10 ./User/system_ch32v00x.o
                0x0000000020000010                AHBPrescTable
 .data.SystemCoreClock
                0x0000000020000020        0x4 ./User/system_ch32v00x.o
                0x0000000020000020                SystemCoreClock
 .data.ADCPrescTable
                0x0000000020000024       0x14 ./Peripheral/src/ch32v00x_rcc.o
 .data.APBAHBPrescTable
                0x0000000020000038       0x10 ./Peripheral/src/ch32v00x_rcc.o
 .data.curbrk.4094
                0x0000000020000048        0x4 ./Debug/debug.o
 .data.impure_data
                0x000000002000004c       0x60 e:/mounriver/mounriver_studio2/resources/app/resources/win32/components/wch/toolchain/risc-v embedded gcc/bin/../lib/gcc/riscv-none-embed/8.2.0/../../../../riscv-none-embed/lib/rv32ecxw/ilp32e\libg_nano.a(lib_a-impure.o)
 *(.gnu.linkonce.d.*)
                0x00000000200000b0                . = ALIGN (0x8)
 *fill*         0x00000000200000ac        0x4 
                0x00000000200008b0                PROVIDE (__global_pointer$ = (. + 0x800))
 *(.sdata .sdata.*)
 .sdata._impure_ptr
                0x00000000200000b0        0x4 e:/mounriver/mounriver_studio2/resources/app/resources/win32/components/wch/toolchain/risc-v embedded gcc/bin/../lib/gcc/riscv-none-embed/8.2.0/../../../../riscv-none-embed/lib/rv32ecxw/ilp32e\libg_nano.a(lib_a-impure.o)
                0x00000000200000b0                _impure_ptr
 *(.sdata2*)
 *(.gnu.linkonce.s.*)
                0x00000000200000b8                . = ALIGN (0x8)
 *fill*         0x00000000200000b4        0x4 
 *(.srodata.cst16)
 *(.srodata.cst8)
 *(.srodata.cst4)
 *(.srodata.cst2)
 *(.srodata .srodata.*)
                0x00000000200000b8                . = ALIGN (0x4)
                0x00000000200000b8                PROVIDE (_edata = .)

.bss            0x00000000200000b8       0x4c load address 0x0000000000001abc
                0x00000000200000b8                . = ALIGN (0x4)
                0x00000000200000b8                PROVIDE (_sbss = .)
 *(.sbss*)
 .sbss.__malloc_free_list
                0x00000000200000b8        0x4 e:/mounriver/mounriver_studio2/resources/app/resources/win32/components/wch/toolchain/risc-v embedded gcc/bin/../lib/gcc/riscv-none-embed/8.2.0/../../../../riscv-none-embed/lib/rv32ecxw/ilp32e\libg_nano.a(lib_a-nano-mallocr.o)
                0x00000000200000b8                __malloc_free_list
 .sbss.__malloc_sbrk_start
                0x00000000200000bc        0x4 e:/mounriver/mounriver_studio2/resources/app/resources/win32/components/wch/toolchain/risc-v embedded gcc/bin/../lib/gcc/riscv-none-embed/8.2.0/../../../../riscv-none-embed/lib/rv32ecxw/ilp32e\libg_nano.a(lib_a-nano-mallocr.o)
                0x00000000200000bc                __malloc_sbrk_start
 *(.gnu.linkonce.sb.*)
 *(.bss*)
 .bss.FALSE_RANDOM
                0x00000000200000c0        0x4 ./User/main.o
                0x00000000200000c0                FALSE_RANDOM
 .bss.IDLE_TIME_10S_FLAG
                0x00000000200000c4        0x4 ./User/main.o
                0x00000000200000c4                IDLE_TIME_10S_FLAG
 .bss.Vibration_but1
                0x00000000200000c8       0x2c ./User/main.o
                0x00000000200000c8                Vibration_but1
 .bss.NVIC_Priority_Group
                0x00000000200000f4        0x4 ./Peripheral/src/ch32v00x_misc.o
                0x00000000200000f4                NVIC_Priority_Group
 .bss.head_handle
                0x00000000200000f8        0x4 ./External/MultiButton/multi_button.o
 .bss.p_ms      0x00000000200000fc        0x2 ./Debug/debug.o
 .bss.p_us      0x00000000200000fe        0x1 ./Debug/debug.o
 *(.gnu.linkonce.b.*)
 *(COMMON*)
 *fill*         0x00000000200000ff        0x1 
 COMMON         0x0000000020000100        0x4 e:/mounriver/mounriver_studio2/resources/app/resources/win32/components/wch/toolchain/risc-v embedded gcc/bin/../lib/gcc/riscv-none-embed/8.2.0/../../../../riscv-none-embed/lib/rv32ecxw/ilp32e\libg_nano.a(lib_a-reent.o)
                0x0000000020000100                errno
                0x0000000020000104                . = ALIGN (0x4)
                0x0000000020000104                PROVIDE (_ebss = .)
                0x0000000020000104                PROVIDE (_end = _ebss)
                [!provide]                        PROVIDE (end = .)

.stack          0x0000000020000700      0x100
                0x0000000020000700                PROVIDE (_heap_end = .)
                0x0000000020000700                . = ALIGN (0x4)
                [!provide]                        PROVIDE (_susrstack = .)
                0x0000000020000800                . = (. + __stack_size)
 *fill*         0x0000000020000700      0x100 
                0x0000000020000800                PROVIDE (_eusrstack = .)
OUTPUT(CH32V003_SOUND_V100.elf elf32-littleriscv)

.debug_info     0x0000000000000000     0xe778
 .debug_info    0x0000000000000000      0xf64 ./User/ch32v00x_it.o
 .debug_info    0x0000000000000f64     0x1a66 ./User/main.o
 .debug_info    0x00000000000029ca      0xc94 ./User/system_ch32v00x.o
 .debug_info    0x000000000000365e       0x22 ./Startup/startup_ch32v00x.o
 .debug_info    0x0000000000003680      0xa94 ./Peripheral/src/ch32v00x_dbgmcu.o
 .debug_info    0x0000000000004114      0xc05 ./Peripheral/src/ch32v00x_exti.o
 .debug_info    0x0000000000004d19     0x1034 ./Peripheral/src/ch32v00x_gpio.o
 .debug_info    0x0000000000005d4d      0xdca ./Peripheral/src/ch32v00x_misc.o
 .debug_info    0x0000000000006b17     0x108c ./Peripheral/src/ch32v00x_rcc.o
 .debug_info    0x0000000000007ba3     0x297f ./Peripheral/src/ch32v00x_tim.o
 .debug_info    0x000000000000a522     0x1351 ./Peripheral/src/ch32v00x_usart.o
 .debug_info    0x000000000000b873      0xd0e ./External/MultiButton/multi_button.o
 .debug_info    0x000000000000c581      0xf4e ./External/CX588/CX588.o
 .debug_info    0x000000000000d4cf      0xf60 ./Debug/debug.o
 .debug_info    0x000000000000e42f      0x349 ./Core/core_riscv.o

.debug_abbrev   0x0000000000000000     0x2ad5
 .debug_abbrev  0x0000000000000000      0x2c8 ./User/ch32v00x_it.o
 .debug_abbrev  0x00000000000002c8      0x448 ./User/main.o
 .debug_abbrev  0x0000000000000710      0x2ee ./User/system_ch32v00x.o
 .debug_abbrev  0x00000000000009fe       0x12 ./Startup/startup_ch32v00x.o
 .debug_abbrev  0x0000000000000a10      0x2f7 ./Peripheral/src/ch32v00x_dbgmcu.o
 .debug_abbrev  0x0000000000000d07      0x2da ./Peripheral/src/ch32v00x_exti.o
 .debug_abbrev  0x0000000000000fe1      0x309 ./Peripheral/src/ch32v00x_gpio.o
 .debug_abbrev  0x00000000000012ea      0x2ea ./Peripheral/src/ch32v00x_misc.o
 .debug_abbrev  0x00000000000015d4      0x389 ./Peripheral/src/ch32v00x_rcc.o
 .debug_abbrev  0x000000000000195d      0x408 ./Peripheral/src/ch32v00x_tim.o
 .debug_abbrev  0x0000000000001d65      0x323 ./Peripheral/src/ch32v00x_usart.o
 .debug_abbrev  0x0000000000002088      0x320 ./External/MultiButton/multi_button.o
 .debug_abbrev  0x00000000000023a8      0x311 ./External/CX588/CX588.o
 .debug_abbrev  0x00000000000026b9      0x30f ./Debug/debug.o
 .debug_abbrev  0x00000000000029c8      0x10d ./Core/core_riscv.o

.debug_aranges  0x0000000000000000      0x888
 .debug_aranges
                0x0000000000000000       0x38 ./User/ch32v00x_it.o
 .debug_aranges
                0x0000000000000038       0x50 ./User/main.o
 .debug_aranges
                0x0000000000000088       0x28 ./User/system_ch32v00x.o
 .debug_aranges
                0x00000000000000b0       0x30 ./Startup/startup_ch32v00x.o
 .debug_aranges
                0x00000000000000e0       0x48 ./Peripheral/src/ch32v00x_dbgmcu.o
 .debug_aranges
                0x0000000000000128       0x50 ./Peripheral/src/ch32v00x_exti.o
 .debug_aranges
                0x0000000000000178       0x98 ./Peripheral/src/ch32v00x_gpio.o
 .debug_aranges
                0x0000000000000210       0x28 ./Peripheral/src/ch32v00x_misc.o
 .debug_aranges
                0x0000000000000238       0xe0 ./Peripheral/src/ch32v00x_rcc.o
 .debug_aranges
                0x0000000000000318      0x2d8 ./Peripheral/src/ch32v00x_tim.o
 .debug_aranges
                0x00000000000005f0      0x100 ./Peripheral/src/ch32v00x_usart.o
 .debug_aranges
                0x00000000000006f0       0x48 ./External/MultiButton/multi_button.o
 .debug_aranges
                0x0000000000000738       0x58 ./External/CX588/CX588.o
 .debug_aranges
                0x0000000000000790       0x50 ./Debug/debug.o
 .debug_aranges
                0x00000000000007e0       0xa8 ./Core/core_riscv.o

.debug_ranges   0x0000000000000000      0x908
 .debug_ranges  0x0000000000000000       0x28 ./User/ch32v00x_it.o
 .debug_ranges  0x0000000000000028       0x88 ./User/main.o
 .debug_ranges  0x00000000000000b0       0x50 ./User/system_ch32v00x.o
 .debug_ranges  0x0000000000000100       0x28 ./Startup/startup_ch32v00x.o
 .debug_ranges  0x0000000000000128       0x50 ./Peripheral/src/ch32v00x_dbgmcu.o
 .debug_ranges  0x0000000000000178       0x40 ./Peripheral/src/ch32v00x_exti.o
 .debug_ranges  0x00000000000001b8       0x88 ./Peripheral/src/ch32v00x_gpio.o
 .debug_ranges  0x0000000000000240       0x48 ./Peripheral/src/ch32v00x_misc.o
 .debug_ranges  0x0000000000000288       0xd0 ./Peripheral/src/ch32v00x_rcc.o
 .debug_ranges  0x0000000000000358      0x2f8 ./Peripheral/src/ch32v00x_tim.o
 .debug_ranges  0x0000000000000650       0xf0 ./Peripheral/src/ch32v00x_usart.o
 .debug_ranges  0x0000000000000740       0x58 ./External/MultiButton/multi_button.o
 .debug_ranges  0x0000000000000798       0x98 ./External/CX588/CX588.o
 .debug_ranges  0x0000000000000830       0x40 ./Debug/debug.o
 .debug_ranges  0x0000000000000870       0x98 ./Core/core_riscv.o

.debug_line     0x0000000000000000     0x9c7b
 .debug_line    0x0000000000000000      0x496 ./User/ch32v00x_it.o
 .debug_line    0x0000000000000496      0xac4 ./User/main.o
 .debug_line    0x0000000000000f5a      0x725 ./User/system_ch32v00x.o
 .debug_line    0x000000000000167f      0x148 ./Startup/startup_ch32v00x.o
 .debug_line    0x00000000000017c7      0x3e1 ./Peripheral/src/ch32v00x_dbgmcu.o
 .debug_line    0x0000000000001ba8      0x625 ./Peripheral/src/ch32v00x_exti.o
 .debug_line    0x00000000000021cd      0xc4c ./Peripheral/src/ch32v00x_gpio.o
 .debug_line    0x0000000000002e19      0x42c ./Peripheral/src/ch32v00x_misc.o
 .debug_line    0x0000000000003245      0xe53 ./Peripheral/src/ch32v00x_rcc.o
 .debug_line    0x0000000000004098     0x30ae ./Peripheral/src/ch32v00x_tim.o
 .debug_line    0x0000000000007146      0xf5d ./Peripheral/src/ch32v00x_usart.o
 .debug_line    0x00000000000080a3      0x8dd ./External/MultiButton/multi_button.o
 .debug_line    0x0000000000008980      0x6b7 ./External/CX588/CX588.o
 .debug_line    0x0000000000009037      0x7cc ./Debug/debug.o
 .debug_line    0x0000000000009803      0x478 ./Core/core_riscv.o

.debug_str      0x0000000000000000     0x2952
 .debug_str     0x0000000000000000      0x7c3 ./User/ch32v00x_it.o
                                        0x851 (size before relaxing)
 .debug_str     0x00000000000007c3      0x8a6 ./User/main.o
                                       0x1062 (size before relaxing)
 .debug_str     0x0000000000001069      0x123 ./User/system_ch32v00x.o
                                        0x743 (size before relaxing)
 .debug_str     0x000000000000118c       0x68 ./Startup/startup_ch32v00x.o
 .debug_str     0x00000000000011f4       0x87 ./Peripheral/src/ch32v00x_dbgmcu.o
                                        0x641 (size before relaxing)
 .debug_str     0x000000000000127b       0xc6 ./Peripheral/src/ch32v00x_exti.o
                                        0x788 (size before relaxing)
 .debug_str     0x0000000000001341      0x199 ./Peripheral/src/ch32v00x_gpio.o
                                        0x93e (size before relaxing)
 .debug_str     0x00000000000014da       0xb5 ./Peripheral/src/ch32v00x_misc.o
                                        0x906 (size before relaxing)
 .debug_str     0x000000000000158f      0x2c7 ./Peripheral/src/ch32v00x_rcc.o
                                        0x9ac (size before relaxing)
 .debug_str     0x0000000000001856      0xa0f ./Peripheral/src/ch32v00x_tim.o
                                       0x1266 (size before relaxing)
 .debug_str     0x0000000000002265      0x416 ./Peripheral/src/ch32v00x_usart.o
                                        0xafb (size before relaxing)
 .debug_str     0x000000000000267b       0xa7 ./External/MultiButton/multi_button.o
                                        0x76b (size before relaxing)
 .debug_str     0x0000000000002722       0xba ./External/CX588/CX588.o
                                        0x93a (size before relaxing)
 .debug_str     0x00000000000027dc       0x87 ./Debug/debug.o
                                        0x910 (size before relaxing)
 .debug_str     0x0000000000002863       0xef ./Core/core_riscv.o
                                        0x298 (size before relaxing)

.comment        0x0000000000000000       0x33
 .comment       0x0000000000000000       0x33 ./User/ch32v00x_it.o
                                         0x34 (size before relaxing)
 .comment       0x0000000000000033       0x34 ./User/main.o
 .comment       0x0000000000000033       0x34 ./User/system_ch32v00x.o
 .comment       0x0000000000000033       0x34 ./Peripheral/src/ch32v00x_dbgmcu.o
 .comment       0x0000000000000033       0x34 ./Peripheral/src/ch32v00x_exti.o
 .comment       0x0000000000000033       0x34 ./Peripheral/src/ch32v00x_gpio.o
 .comment       0x0000000000000033       0x34 ./Peripheral/src/ch32v00x_misc.o
 .comment       0x0000000000000033       0x34 ./Peripheral/src/ch32v00x_rcc.o
 .comment       0x0000000000000033       0x34 ./Peripheral/src/ch32v00x_tim.o
 .comment       0x0000000000000033       0x34 ./Peripheral/src/ch32v00x_usart.o
 .comment       0x0000000000000033       0x34 ./External/MultiButton/multi_button.o
 .comment       0x0000000000000033       0x34 ./External/CX588/CX588.o
 .comment       0x0000000000000033       0x34 ./Debug/debug.o
 .comment       0x0000000000000033       0x34 ./Core/core_riscv.o
 .comment       0x0000000000000033       0x34 e:/mounriver/mounriver_studio2/resources/app/resources/win32/components/wch/toolchain/risc-v embedded gcc/bin/../lib/gcc/riscv-none-embed/8.2.0/../../../../riscv-none-embed/lib/rv32ecxw/ilp32e\libprintf.a(wchprintf.o)

.debug_frame    0x0000000000000000     0x1394
 .debug_frame   0x0000000000000000       0x50 ./User/ch32v00x_it.o
 .debug_frame   0x0000000000000050       0xf0 ./User/main.o
 .debug_frame   0x0000000000000140       0x58 ./User/system_ch32v00x.o
 .debug_frame   0x0000000000000198       0x70 ./Peripheral/src/ch32v00x_dbgmcu.o
 .debug_frame   0x0000000000000208       0x90 ./Peripheral/src/ch32v00x_exti.o
 .debug_frame   0x0000000000000298      0x154 ./Peripheral/src/ch32v00x_gpio.o
 .debug_frame   0x00000000000003ec       0x30 ./Peripheral/src/ch32v00x_misc.o
 .debug_frame   0x000000000000041c      0x1dc ./Peripheral/src/ch32v00x_rcc.o
 .debug_frame   0x00000000000005f8      0x624 ./Peripheral/src/ch32v00x_tim.o
 .debug_frame   0x0000000000000c1c      0x204 ./Peripheral/src/ch32v00x_usart.o
 .debug_frame   0x0000000000000e20       0x9c ./External/MultiButton/multi_button.o
 .debug_frame   0x0000000000000ebc      0x108 ./External/CX588/CX588.o
 .debug_frame   0x0000000000000fc4       0xe4 ./Debug/debug.o
 .debug_frame   0x00000000000010a8      0x130 ./Core/core_riscv.o
 .debug_frame   0x00000000000011d8       0x5c e:/mounriver/mounriver_studio2/resources/app/resources/win32/components/wch/toolchain/risc-v embedded gcc/bin/../lib/gcc/riscv-none-embed/8.2.0/../../../../riscv-none-embed/lib/rv32ecxw/ilp32e\libg_nano.a(lib_a-rand.o)
 .debug_frame   0x0000000000001234       0x30 e:/mounriver/mounriver_studio2/resources/app/resources/win32/components/wch/toolchain/risc-v embedded gcc/bin/../lib/gcc/riscv-none-embed/8.2.0/../../../../riscv-none-embed/lib/rv32ecxw/ilp32e\libg_nano.a(lib_a-malloc.o)
 .debug_frame   0x0000000000001264       0x38 e:/mounriver/mounriver_studio2/resources/app/resources/win32/components/wch/toolchain/risc-v embedded gcc/bin/../lib/gcc/riscv-none-embed/8.2.0/../../../../riscv-none-embed/lib/rv32ecxw/ilp32e\libg_nano.a(lib_a-nano-mallocr.o)
 .debug_frame   0x000000000000129c       0x30 e:/mounriver/mounriver_studio2/resources/app/resources/win32/components/wch/toolchain/risc-v embedded gcc/bin/../lib/gcc/riscv-none-embed/8.2.0/../../../../riscv-none-embed/lib/rv32ecxw/ilp32e\libg_nano.a(lib_a-sbrkr.o)
 .debug_frame   0x00000000000012cc       0x30 e:/mounriver/mounriver_studio2/resources/app/resources/win32/components/wch/toolchain/risc-v embedded gcc/bin/../lib/gcc/riscv-none-embed/8.2.0/../../../../riscv-none-embed/lib/rv32ecxw/ilp32e\libg_nano.a(lib_a-mlock.o)
 .debug_frame   0x00000000000012fc       0x64 e:/mounriver/mounriver_studio2/resources/app/resources/win32/components/wch/toolchain/risc-v embedded gcc/bin/../lib/gcc/riscv-none-embed/8.2.0/../../../../riscv-none-embed/lib/rv32ecxw/ilp32e\libg_nano.a(lib_a-reent.o)
 .debug_frame   0x0000000000001360       0x34 e:/mounriver/mounriver_studio2/resources/app/resources/win32/components/wch/toolchain/risc-v embedded gcc/bin/../lib/gcc/riscv-none-embed/8.2.0/rv32ecxw/ilp32e\libgcc.a(multi3.o)

.debug_loc      0x0000000000000000     0x3445
 .debug_loc     0x0000000000000000      0x103 ./User/main.o
 .debug_loc     0x0000000000000103       0x55 ./User/system_ch32v00x.o
 .debug_loc     0x0000000000000158       0x7c ./Peripheral/src/ch32v00x_dbgmcu.o
 .debug_loc     0x00000000000001d4      0x181 ./Peripheral/src/ch32v00x_exti.o
 .debug_loc     0x0000000000000355      0x5e2 ./Peripheral/src/ch32v00x_gpio.o
 .debug_loc     0x0000000000000937       0x2d ./Peripheral/src/ch32v00x_misc.o
 .debug_loc     0x0000000000000964      0x5e3 ./Peripheral/src/ch32v00x_rcc.o
 .debug_loc     0x0000000000000f47     0x1936 ./Peripheral/src/ch32v00x_tim.o
 .debug_loc     0x000000000000287d      0x735 ./Peripheral/src/ch32v00x_usart.o
 .debug_loc     0x0000000000002fb2      0x19b ./External/MultiButton/multi_button.o
 .debug_loc     0x000000000000314d      0x15c ./External/CX588/CX588.o
 .debug_loc     0x00000000000032a9      0x19c ./Debug/debug.o
