Archive member included to satisfy reference by file (symbol)

e:/mounriver/mounriver_studio2/resources/app/resources/win32/components/wch/toolchain/risc-v embedded gcc/bin/../lib/gcc/riscv-none-embed/8.2.0/rv32imacxw/ilp32\libgcc.a(save-restore.o)
                              ./User/main.o (__riscv_save_9)
e:/mounriver/mounriver_studio2/resources/app/resources/win32/components/wch/toolchain/risc-v embedded gcc/bin/../lib/gcc/riscv-none-embed/8.2.0/../../../../riscv-none-embed/lib/rv32imacxw/ilp32\libg_nano.a(lib_a-memset.o)
                              ./External/MultiButton/multi_button.o (memset)
e:/mounriver/mounriver_studio2/resources/app/resources/win32/components/wch/toolchain/risc-v embedded gcc/bin/../lib/gcc/riscv-none-embed/8.2.0/../../../../riscv-none-embed/lib/rv32imacxw/ilp32\libg_nano.a(lib_a-rand.o)
                              ./User/main.o (srand)
e:/mounriver/mounriver_studio2/resources/app/resources/win32/components/wch/toolchain/risc-v embedded gcc/bin/../lib/gcc/riscv-none-embed/8.2.0/../../../../riscv-none-embed/lib/rv32imacxw/ilp32\libg_nano.a(lib_a-impure.o)
                              e:/mounriver/mounriver_studio2/resources/app/resources/win32/components/wch/toolchain/risc-v embedded gcc/bin/../lib/gcc/riscv-none-embed/8.2.0/../../../../riscv-none-embed/lib/rv32imacxw/ilp32\libg_nano.a(lib_a-rand.o) (_impure_ptr)
e:/mounriver/mounriver_studio2/resources/app/resources/win32/components/wch/toolchain/risc-v embedded gcc/bin/../lib/gcc/riscv-none-embed/8.2.0/../../../../riscv-none-embed/lib/rv32imacxw/ilp32\libg_nano.a(lib_a-malloc.o)
                              e:/mounriver/mounriver_studio2/resources/app/resources/win32/components/wch/toolchain/risc-v embedded gcc/bin/../lib/gcc/riscv-none-embed/8.2.0/../../../../riscv-none-embed/lib/rv32imacxw/ilp32\libg_nano.a(lib_a-rand.o) (malloc)
e:/mounriver/mounriver_studio2/resources/app/resources/win32/components/wch/toolchain/risc-v embedded gcc/bin/../lib/gcc/riscv-none-embed/8.2.0/../../../../riscv-none-embed/lib/rv32imacxw/ilp32\libg_nano.a(lib_a-nano-freer.o)
                              e:/mounriver/mounriver_studio2/resources/app/resources/win32/components/wch/toolchain/risc-v embedded gcc/bin/../lib/gcc/riscv-none-embed/8.2.0/../../../../riscv-none-embed/lib/rv32imacxw/ilp32\libg_nano.a(lib_a-malloc.o) (_free_r)
e:/mounriver/mounriver_studio2/resources/app/resources/win32/components/wch/toolchain/risc-v embedded gcc/bin/../lib/gcc/riscv-none-embed/8.2.0/../../../../riscv-none-embed/lib/rv32imacxw/ilp32\libg_nano.a(lib_a-nano-mallocr.o)
                              e:/mounriver/mounriver_studio2/resources/app/resources/win32/components/wch/toolchain/risc-v embedded gcc/bin/../lib/gcc/riscv-none-embed/8.2.0/../../../../riscv-none-embed/lib/rv32imacxw/ilp32\libg_nano.a(lib_a-malloc.o) (_malloc_r)
e:/mounriver/mounriver_studio2/resources/app/resources/win32/components/wch/toolchain/risc-v embedded gcc/bin/../lib/gcc/riscv-none-embed/8.2.0/../../../../riscv-none-embed/lib/rv32imacxw/ilp32\libg_nano.a(lib_a-sbrkr.o)
                              e:/mounriver/mounriver_studio2/resources/app/resources/win32/components/wch/toolchain/risc-v embedded gcc/bin/../lib/gcc/riscv-none-embed/8.2.0/../../../../riscv-none-embed/lib/rv32imacxw/ilp32\libg_nano.a(lib_a-nano-mallocr.o) (_sbrk_r)
e:/mounriver/mounriver_studio2/resources/app/resources/win32/components/wch/toolchain/risc-v embedded gcc/bin/../lib/gcc/riscv-none-embed/8.2.0/../../../../riscv-none-embed/lib/rv32imacxw/ilp32\libg_nano.a(lib_a-mlock.o)
                              e:/mounriver/mounriver_studio2/resources/app/resources/win32/components/wch/toolchain/risc-v embedded gcc/bin/../lib/gcc/riscv-none-embed/8.2.0/../../../../riscv-none-embed/lib/rv32imacxw/ilp32\libg_nano.a(lib_a-nano-freer.o) (__malloc_lock)
e:/mounriver/mounriver_studio2/resources/app/resources/win32/components/wch/toolchain/risc-v embedded gcc/bin/../lib/gcc/riscv-none-embed/8.2.0/../../../../riscv-none-embed/lib/rv32imacxw/ilp32\libg_nano.a(lib_a-reent.o)
                              e:/mounriver/mounriver_studio2/resources/app/resources/win32/components/wch/toolchain/risc-v embedded gcc/bin/../lib/gcc/riscv-none-embed/8.2.0/../../../../riscv-none-embed/lib/rv32imacxw/ilp32\libg_nano.a(lib_a-sbrkr.o) (errno)

Allocating common symbols
Common symbol       size              file

errno               0x4               e:/mounriver/mounriver_studio2/resources/app/resources/win32/components/wch/toolchain/risc-v embedded gcc/bin/../lib/gcc/riscv-none-embed/8.2.0/../../../../riscv-none-embed/lib/rv32imacxw/ilp32\libg_nano.a(lib_a-reent.o)

Discarded input sections

 .text          0x0000000000000000        0x0 ./User/ch32l103_it.o
 .data          0x0000000000000000        0x0 ./User/ch32l103_it.o
 .bss           0x0000000000000000        0x0 ./User/ch32l103_it.o
 .text          0x0000000000000000        0x0 ./User/main.o
 .data          0x0000000000000000        0x0 ./User/main.o
[...]
Memory Configuration

Name             Origin             Length             Attributes
FLASH            0x0000000000000000 0x0000000000010000 xr
RAM              0x0000000020000000 0x0000000000005000 xrw
*default*        0x0000000000000000 0xffffffffffffffff

Linker script and memory map

LOAD ./User/ch32l103_it.o
LOAD ./User/main.o
LOAD ./User/system_ch32l103.o
LOAD ./Startup/startup_ch32l103.o
LOAD ./Peripheral/src/ch32l103_adc.o
LOAD ./Peripheral/src/ch32l103_bkp.o
LOAD ./Peripheral/src/ch32l103_can.o
LOAD ./Peripheral/src/ch32l103_crc.o
LOAD ./Peripheral/src/ch32l103_dbgmcu.o
LOAD ./Peripheral/src/ch32l103_dma.o
LOAD ./Peripheral/src/ch32l103_exti.o
LOAD ./Peripheral/src/ch32l103_flash.o
LOAD ./Peripheral/src/ch32l103_gpio.o
LOAD ./Peripheral/src/ch32l103_i2c.o
LOAD ./Peripheral/src/ch32l103_iwdg.o
LOAD ./Peripheral/src/ch32l103_lptim.o
LOAD ./Peripheral/src/ch32l103_misc.o
LOAD ./Peripheral/src/ch32l103_opa.o
LOAD ./Peripheral/src/ch32l103_pwr.o
LOAD ./Peripheral/src/ch32l103_rcc.o
LOAD ./Peripheral/src/ch32l103_rtc.o
LOAD ./Peripheral/src/ch32l103_spi.o
LOAD ./Peripheral/src/ch32l103_tim.o
LOAD ./Peripheral/src/ch32l103_usart.o
LOAD ./Peripheral/src/ch32l103_wwdg.o
LOAD ./External/MultiButton/multi_button.o
LOAD ./External/CX588/CX588.o
LOAD ./External/Button/Button.o
LOAD ./Debug/debug.o
LOAD ./Core/core_riscv.o
LOAD e:/mounriver/mounriver_studio2/resources/app/resources/win32/components/wch/toolchain/risc-v embedded gcc/bin/../lib/gcc/riscv-none-embed/8.2.0/rv32imacxw/ilp32\libgcc.a
LOAD e:/mounriver/mounriver_studio2/resources/app/resources/win32/components/wch/toolchain/risc-v embedded gcc/bin/../lib/gcc/riscv-none-embed/8.2.0/../../../../riscv-none-embed/lib/rv32imacxw/ilp32\libg_nano.a
LOAD e:/mounriver/mounriver_studio2/resources/app/resources/win32/components/wch/toolchain/risc-v embedded gcc/bin/../lib/gcc/riscv-none-embed/8.2.0/../../../../riscv-none-embed/lib/rv32imacxw/ilp32\libc_nano.a
LOAD e:/mounriver/mounriver_studio2/resources/app/resources/win32/components/wch/toolchain/risc-v embedded gcc/bin/../lib/gcc/riscv-none-embed/8.2.0/rv32imacxw/ilp32\libgcc.a
START GROUP
LOAD e:/mounriver/mounriver_studio2/resources/app/resources/win32/components/wch/toolchain/risc-v embedded gcc/bin/../lib/gcc/riscv-none-embed/8.2.0/rv32imacxw/ilp32\libgcc.a
LOAD e:/mounriver/mounriver_studio2/resources/app/resources/win32/components/wch/toolchain/risc-v embedded gcc/bin/../lib/gcc/riscv-none-embed/8.2.0/../../../../riscv-none-embed/lib/rv32imacxw/ilp32\libc_nano.a
LOAD e:/mounriver/mounriver_studio2/resources/app/resources/win32/components/wch/toolchain/risc-v embedded gcc/bin/../lib/gcc/riscv-none-embed/8.2.0/../../../../riscv-none-embed/lib/rv32imacxw/ilp32\libnosys.a
END GROUP
START GROUP
LOAD e:/mounriver/mounriver_studio2/resources/app/resources/win32/components/wch/toolchain/risc-v embedded gcc/bin/../lib/gcc/riscv-none-embed/8.2.0/rv32imacxw/ilp32\libgcc.a
LOAD e:/mounriver/mounriver_studio2/resources/app/resources/win32/components/wch/toolchain/risc-v embedded gcc/bin/../lib/gcc/riscv-none-embed/8.2.0/../../../../riscv-none-embed/lib/rv32imacxw/ilp32\libc_nano.a
LOAD e:/mounriver/mounriver_studio2/resources/app/resources/win32/components/wch/toolchain/risc-v embedded gcc/bin/../lib/gcc/riscv-none-embed/8.2.0/../../../../riscv-none-embed/lib/rv32imacxw/ilp32\libnosys.a
END GROUP
                0x0000000000000800                __stack_size = 0x800
                [!provide]                        PROVIDE (_stack_size = __stack_size)

.init           0x0000000000000000        0x4
                0x0000000000000000                _sinit = .
                0x0000000000000000                . = ALIGN (0x4)
 *(SORT_NONE(.init))
 .init          0x0000000000000000        0x4 ./Startup/startup_ch32l103.o
                0x0000000000000000                _start
                0x0000000000000004                . = ALIGN (0x4)
                0x0000000000000004                _einit = .

.vector         0x0000000000000004      0x13c
 *(.vector)
 .vector        0x0000000000000004      0x114 ./Startup/startup_ch32l103.o
                0x0000000000000140                . = ALIGN (0x40)
 *fill*         0x0000000000000118       0x28 

.text           0x0000000000000140     0x13ec
                0x0000000000000140                . = ALIGN (0x4)
 *(.text)
 .text          0x0000000000000140       0x60 e:/mounriver/mounriver_studio2/resources/app/resources/win32/components/wch/toolchain/risc-v embedded gcc/bin/../lib/gcc/riscv-none-embed/8.2.0/rv32imacxw/ilp32\libgcc.a(save-restore.o)
                0x0000000000000140                __riscv_save_12
                0x0000000000000148                __riscv_save_9
                0x0000000000000148                __riscv_save_11
                0x0000000000000148                __riscv_save_10
                0x0000000000000148                __riscv_save_8
                0x0000000000000156                __riscv_save_4
                0x0000000000000156                __riscv_save_6
                0x0000000000000156                __riscv_save_5
                0x0000000000000156                __riscv_save_7
                0x0000000000000170                __riscv_save_3
                0x0000000000000170                __riscv_save_2
                0x0000000000000170                __riscv_save_1
                0x0000000000000170                __riscv_save_0
                0x000000000000017c                __riscv_restore_12
                0x0000000000000180                __riscv_restore_11
                0x0000000000000180                __riscv_restore_9
                0x0000000000000180                __riscv_restore_10
                0x0000000000000180                __riscv_restore_8
                0x000000000000018a                __riscv_restore_5
                0x000000000000018a                __riscv_restore_7
                0x000000000000018a                __riscv_restore_6
                0x000000000000018a                __riscv_restore_4
                0x0000000000000194                __riscv_restore_3
                0x0000000000000194                __riscv_restore_0
                0x0000000000000194                __riscv_restore_2
                0x0000000000000194                __riscv_restore_1
 .text          0x00000000000001a0       0xa8 e:/mounriver/mounriver_studio2/resources/app/resources/win32/components/wch/toolchain/risc-v embedded gcc/bin/../lib/gcc/riscv-none-embed/8.2.0/../../../../riscv-none-embed/lib/rv32imacxw/ilp32\libg_nano.a(lib_a-memset.o)
                0x00000000000001a0                memset
 *(.text.*)
 .text.NMI_Handler
                0x0000000000000248        0x2 ./User/ch32l103_it.o
                0x0000000000000248                NMI_Handler
 .text.HardFault_Handler
                0x000000000000024a       0x10 ./User/ch32l103_it.o
                0x000000000000024a                HardFault_Handler
 .text.TIM1_UP_IRQHandler
                0x000000000000025a       0x3a ./User/ch32l103_it.o
                0x000000000000025a                TIM1_UP_IRQHandler
 .text.EXTI0_IRQHandler
                0x0000000000000294       0x1c ./User/ch32l103_it.o
                0x0000000000000294                EXTI0_IRQHandler
 .text.EXTI1_IRQHandler
                0x00000000000002b0       0x16 ./User/ch32l103_it.o
                0x00000000000002b0                EXTI1_IRQHandler
 .text.EXTI15_10_IRQHandler
                0x00000000000002c6       0x24 ./User/ch32l103_it.o
                0x00000000000002c6                EXTI15_10_IRQHandler
 .text.BTN1_PRESS_DOWN_Handler
                0x00000000000002ea        0xc ./User/main.o
                0x00000000000002ea                BTN1_PRESS_DOWN_Handler
 .text.BTN2_SINGLE_CLICK_Handler
                0x00000000000002f6       0x28 ./User/main.o
                0x00000000000002f6                BTN2_SINGLE_CLICK_Handler
 .text.Read_Button_GPIO
                0x000000000000031e       0x26 ./User/main.o
                0x000000000000031e                Read_Button_GPIO
 .text.TIM1_INT_Init
                0x0000000000000344       0x6c ./User/main.o
                0x0000000000000344                TIM1_INT_Init
 .text.Close_Useless_GPIO
                0x00000000000003b0       0x4a ./User/main.o
                0x00000000000003b0                Close_Useless_GPIO
 .text.startup.main
                0x00000000000003fa      0x188 ./User/main.o
                0x00000000000003fa                main
 .text.SystemInit
                0x0000000000000582       0xba ./User/system_ch32l103.o
                0x0000000000000582                SystemInit
 .text.SystemCoreClockUpdate
                0x000000000000063c       0xa0 ./User/system_ch32l103.o
                0x000000000000063c                SystemCoreClockUpdate
 .text.vector_handler
                0x00000000000006dc        0x2 ./Startup/startup_ch32l103.o
                0x00000000000006dc                EXTI2_IRQHandler
                0x00000000000006dc                TIM1_CC_IRQHandler
                0x00000000000006dc                USBPD_IRQHandler
                0x00000000000006dc                SysTick_Handler
                0x00000000000006dc                PVD_IRQHandler
                0x00000000000006dc                EXTI3_IRQHandler
                0x00000000000006dc                USBFS_IRQHandler
                0x00000000000006dc                I2C2_EV_IRQHandler
                0x00000000000006dc                LPTIM_IRQHandler
                0x00000000000006dc                Break_Point_Handler
                0x00000000000006dc                SPI1_IRQHandler
                0x00000000000006dc                TAMPER_IRQHandler
                0x00000000000006dc                Ecall_M_Mode_Handler
                0x00000000000006dc                DMA1_Channel4_IRQHandler
                0x00000000000006dc                USART3_IRQHandler
                0x00000000000006dc                RTC_IRQHandler
                0x00000000000006dc                DMA1_Channel7_IRQHandler
                0x00000000000006dc                CAN1_RX1_IRQHandler
                0x00000000000006dc                USBPDWakeUp_IRQHandler
                0x00000000000006dc                TIM4_IRQHandler
                0x00000000000006dc                I2C1_EV_IRQHandler
                0x00000000000006dc                USART4_IRQHandler
                0x00000000000006dc                DMA1_Channel6_IRQHandler
                0x00000000000006dc                TIM3_IRQHandler
                0x00000000000006dc                RCC_IRQHandler
                0x00000000000006dc                TIM1_TRG_COM_IRQHandler
                0x00000000000006dc                DMA1_Channel1_IRQHandler
                0x00000000000006dc                ADC_IRQHandler
                0x00000000000006dc                DMA1_Channel8_IRQHandler
                0x00000000000006dc                EXTI9_5_IRQHandler
                0x00000000000006dc                SPI2_IRQHandler
                0x00000000000006dc                DMA1_Channel5_IRQHandler
                0x00000000000006dc                EXTI4_IRQHandler
                0x00000000000006dc                USB_LP_CAN1_RX0_IRQHandler
                0x00000000000006dc                USB_HP_CAN1_TX_IRQHandler
                0x00000000000006dc                CMPWakeUp_IRQHandler
                0x00000000000006dc                DMA1_Channel3_IRQHandler
                0x00000000000006dc                LPTIMWakeUp_IRQHandler
                0x00000000000006dc                WWDG_IRQHandler
                0x00000000000006dc                Ecall_U_Mode_Handler
                0x00000000000006dc                TIM2_IRQHandler
                0x00000000000006dc                SW_Handler
                0x00000000000006dc                TIM1_BRK_IRQHandler
                0x00000000000006dc                OPA_IRQHandler
                0x00000000000006dc                RTCAlarm_IRQHandler
                0x00000000000006dc                USART2_IRQHandler
                0x00000000000006dc                I2C2_ER_IRQHandler
                0x00000000000006dc                DMA1_Channel2_IRQHandler
                0x00000000000006dc                CAN1_SCE_IRQHandler
                0x00000000000006dc                FLASH_IRQHandler
                0x00000000000006dc                USBFSWakeUp_IRQHandler
                0x00000000000006dc                USART1_IRQHandler
                0x00000000000006dc                I2C1_ER_IRQHandler
 .text.handle_reset
                0x00000000000006de       0x86 ./Startup/startup_ch32l103.o
                0x00000000000006de                handle_reset
 .text.EXTI_DeInit
                0x0000000000000764       0x22 ./Peripheral/src/ch32l103_exti.o
                0x0000000000000764                EXTI_DeInit
 .text.EXTI_Init
                0x0000000000000786       0x6a ./Peripheral/src/ch32l103_exti.o
                0x0000000000000786                EXTI_Init
 .text.EXTI_GetITStatus
                0x00000000000007f0       0x1e ./Peripheral/src/ch32l103_exti.o
                0x00000000000007f0                EXTI_GetITStatus
 .text.EXTI_ClearITPendingBit
                0x000000000000080e        0xa ./Peripheral/src/ch32l103_exti.o
                0x000000000000080e                EXTI_ClearITPendingBit
 .text.GPIO_Init
                0x0000000000000818       0xc0 ./Peripheral/src/ch32l103_gpio.o
                0x0000000000000818                GPIO_Init
 .text.GPIO_ReadInputDataBit
                0x00000000000008d8        0xa ./Peripheral/src/ch32l103_gpio.o
                0x00000000000008d8                GPIO_ReadInputDataBit
 .text.GPIO_SetBits
                0x00000000000008e2        0x4 ./Peripheral/src/ch32l103_gpio.o
                0x00000000000008e2                GPIO_SetBits
 .text.GPIO_ResetBits
                0x00000000000008e6        0x4 ./Peripheral/src/ch32l103_gpio.o
                0x00000000000008e6                GPIO_ResetBits
 .text.GPIO_PinRemapConfig
                0x00000000000008ea      0x12c ./Peripheral/src/ch32l103_gpio.o
                0x00000000000008ea                GPIO_PinRemapConfig
 .text.GPIO_EXTILineConfig
                0x0000000000000a16       0x2c ./Peripheral/src/ch32l103_gpio.o
                0x0000000000000a16                GPIO_EXTILineConfig
 .text.GPIO_IPD_Unused
                0x0000000000000a42      0x1c4 ./Peripheral/src/ch32l103_gpio.o
                0x0000000000000a42                GPIO_IPD_Unused
 .text.NVIC_PriorityGroupConfig
                0x0000000000000c06        0x6 ./Peripheral/src/ch32l103_misc.o
                0x0000000000000c06                NVIC_PriorityGroupConfig
 .text.NVIC_Init
                0x0000000000000c0c       0x54 ./Peripheral/src/ch32l103_misc.o
                0x0000000000000c0c                NVIC_Init
 .text.PWR_EnterSTOPMode_RAM_LV
                0x0000000000000c60       0x9e ./Peripheral/src/ch32l103_pwr.o
                0x0000000000000c60                PWR_EnterSTOPMode_RAM_LV
 .text.RCC_PB2PeriphClockCmd
                0x0000000000000cfe       0x1e ./Peripheral/src/ch32l103_rcc.o
                0x0000000000000cfe                RCC_PB2PeriphClockCmd
 .text.RCC_PB1PeriphClockCmd
                0x0000000000000d1c       0x1e ./Peripheral/src/ch32l103_rcc.o
                0x0000000000000d1c                RCC_PB1PeriphClockCmd
 .text.TIM_TimeBaseInit
                0x0000000000000d3a       0x76 ./Peripheral/src/ch32l103_tim.o
                0x0000000000000d3a                TIM_TimeBaseInit
 .text.TIM_Cmd  0x0000000000000db0       0x18 ./Peripheral/src/ch32l103_tim.o
                0x0000000000000db0                TIM_Cmd
 .text.TIM_ITConfig
                0x0000000000000dc8       0x12 ./Peripheral/src/ch32l103_tim.o
                0x0000000000000dc8                TIM_ITConfig
 .text.TIM_GetITStatus
                0x0000000000000dda       0x18 ./Peripheral/src/ch32l103_tim.o
                0x0000000000000dda                TIM_GetITStatus
 .text.TIM_ClearITPendingBit
                0x0000000000000df2        0xc ./Peripheral/src/ch32l103_tim.o
                0x0000000000000df2                TIM_ClearITPendingBit
 .text.button_init
                0x0000000000000dfe       0x34 ./External/MultiButton/multi_button.o
                0x0000000000000dfe                button_init
 .text.button_attach
                0x0000000000000e32        0x8 ./External/MultiButton/multi_button.o
                0x0000000000000e32                button_attach
 .text.button_start
                0x0000000000000e3a       0x20 ./External/MultiButton/multi_button.o
                0x0000000000000e3a                button_start
 .text.button_ticks
                0x0000000000000e5a      0x204 ./External/MultiButton/multi_button.o
                0x0000000000000e5a                button_ticks
 .text.CX588_OneWire_WriteByte
                0x000000000000105e       0x76 ./External/CX588/CX588.o
 .text.CX588_GOIO_INIT
                0x00000000000010d4       0x56 ./External/CX588/CX588.o
                0x00000000000010d4                CX588_GOIO_INIT
 .text.CX588_SET_Sound_Size
                0x000000000000112a        0xe ./External/CX588/CX588.o
                0x000000000000112a                CX588_SET_Sound_Size
 .text.CX588_Play_Sound
                0x0000000000001138       0x18 ./External/CX588/CX588.o
                0x0000000000001138                CX588_Play_Sound
 .text.CX588_Get_Busy_State
                0x0000000000001150       0x16 ./External/CX588/CX588.o
                0x0000000000001150                CX588_Get_Busy_State
 .text.Switch_GPIO_INIT
                0x0000000000001166       0xa2 ./External/Button/Button.o
                0x0000000000001166                Switch_GPIO_INIT
 .text.Switch_EXTI_DEINIT
                0x0000000000001208        0xc ./External/Button/Button.o
                0x0000000000001208                Switch_EXTI_DEINIT
 .text.Switch_EXTI_INIT
                0x0000000000001214       0x68 ./External/Button/Button.o
                0x0000000000001214                Switch_EXTI_INIT
 .text.Delay_Init
                0x000000000000127c       0x20 ./Debug/debug.o
                0x000000000000127c                Delay_Init
 .text.Delay_Us
                0x000000000000129c       0x3e ./Debug/debug.o
                0x000000000000129c                Delay_Us
 .text.Delay_Ms
                0x00000000000012da       0x36 ./Debug/debug.o
                0x00000000000012da                Delay_Ms
 .text._sbrk    0x0000000000001310       0x26 ./Debug/debug.o
                0x0000000000001310                _sbrk
 .text.srand    0x0000000000001336       0x56 e:/mounriver/mounriver_studio2/resources/app/resources/win32/components/wch/toolchain/risc-v embedded gcc/bin/../lib/gcc/riscv-none-embed/8.2.0/../../../../riscv-none-embed/lib/rv32imacxw/ilp32\libg_nano.a(lib_a-rand.o)
                0x0000000000001336                srand
 .text.rand     0x000000000000138c       0x84 e:/mounriver/mounriver_studio2/resources/app/resources/win32/components/wch/toolchain/risc-v embedded gcc/bin/../lib/gcc/riscv-none-embed/8.2.0/../../../../riscv-none-embed/lib/rv32imacxw/ilp32\libg_nano.a(lib_a-rand.o)
                0x000000000000138c                rand
 .text.malloc   0x0000000000001410        0xa e:/mounriver/mounriver_studio2/resources/app/resources/win32/components/wch/toolchain/risc-v embedded gcc/bin/../lib/gcc/riscv-none-embed/8.2.0/../../../../riscv-none-embed/lib/rv32imacxw/ilp32\libg_nano.a(lib_a-malloc.o)
                0x0000000000001410                malloc
 .text._malloc_r
                0x000000000000141a       0xce e:/mounriver/mounriver_studio2/resources/app/resources/win32/components/wch/toolchain/risc-v embedded gcc/bin/../lib/gcc/riscv-none-embed/8.2.0/../../../../riscv-none-embed/lib/rv32imacxw/ilp32\libg_nano.a(lib_a-nano-mallocr.o)
                0x000000000000141a                _malloc_r
 .text._sbrk_r  0x00000000000014e8       0x28 e:/mounriver/mounriver_studio2/resources/app/resources/win32/components/wch/toolchain/risc-v embedded gcc/bin/../lib/gcc/riscv-none-embed/8.2.0/../../../../riscv-none-embed/lib/rv32imacxw/ilp32\libg_nano.a(lib_a-sbrkr.o)
                0x00000000000014e8                _sbrk_r
 .text.__malloc_lock
                0x0000000000001510        0x2 e:/mounriver/mounriver_studio2/resources/app/resources/win32/components/wch/toolchain/risc-v embedded gcc/bin/../lib/gcc/riscv-none-embed/8.2.0/../../../../riscv-none-embed/lib/rv32imacxw/ilp32\libg_nano.a(lib_a-mlock.o)
                0x0000000000001510                __malloc_lock
 .text.__malloc_unlock
                0x0000000000001512        0x2 e:/mounriver/mounriver_studio2/resources/app/resources/win32/components/wch/toolchain/risc-v embedded gcc/bin/../lib/gcc/riscv-none-embed/8.2.0/../../../../riscv-none-embed/lib/rv32imacxw/ilp32\libg_nano.a(lib_a-mlock.o)
                0x0000000000001512                __malloc_unlock
 *(.rodata)
 *(.rodata*)
 *fill*         0x0000000000001514        0x0 
 .rodata.button_ticks
                0x0000000000001514       0x18 ./External/MultiButton/multi_button.o
 *(.gnu.linkonce.t.*)
                0x000000000000152c                . = ALIGN (0x4)

.rela.dyn       0x000000000000152c        0x0
 .rela.init     0x000000000000152c        0x0 ./User/ch32l103_it.o
 .rela.vector   0x000000000000152c        0x0 ./User/ch32l103_it.o
 .rela.text.handle_reset
                0x000000000000152c        0x0 ./User/ch32l103_it.o
 .rela.text._sbrk
                0x000000000000152c        0x0 ./User/ch32l103_it.o
 .rela.sdata.curbrk.5023
                0x000000000000152c        0x0 ./User/ch32l103_it.o
 .rela.data.impure_data
                0x000000000000152c        0x0 ./User/ch32l103_it.o
 .rela.text._sbrk_r
                0x000000000000152c        0x0 ./User/ch32l103_it.o

.fini           0x000000000000152c        0x0
 *(SORT_NONE(.fini))
                0x000000000000152c                . = ALIGN (0x4)
                [!provide]                        PROVIDE (_etext = .)
                [!provide]                        PROVIDE (_eitcm = .)

.preinit_array  0x000000000000152c        0x0
                [!provide]                        PROVIDE (__preinit_array_start = .)
 *(.preinit_array)
                [!provide]                        PROVIDE (__preinit_array_end = .)

.init_array     0x000000000000152c        0x0
                [!provide]                        PROVIDE (__init_array_start = .)
 *(SORT_BY_INIT_PRIORITY(.init_array.*) SORT_BY_INIT_PRIORITY(.ctors.*))
 *(.init_array EXCLUDE_FILE(*crtend?.o *crtend.o *crtbegin?.o *crtbegin.o) .ctors)
                [!provide]                        PROVIDE (__init_array_end = .)

.fini_array     0x000000000000152c        0x0
                [!provide]                        PROVIDE (__fini_array_start = .)
 *(SORT_BY_INIT_PRIORITY(.fini_array.*) SORT_BY_INIT_PRIORITY(.dtors.*))
 *(.fini_array EXCLUDE_FILE(*crtend?.o *crtend.o *crtbegin?.o *crtbegin.o) .dtors)
                [!provide]                        PROVIDE (__fini_array_end = .)

.ctors
 *crtbegin.o(.ctors)
 *crtbegin?.o(.ctors)
 *(EXCLUDE_FILE(*crtend?.o *crtend.o) .ctors)
 *(SORT_BY_NAME(.ctors.*))
 *(.ctors)

.dtors
 *crtbegin.o(.dtors)
 *crtbegin?.o(.dtors)
 *(EXCLUDE_FILE(*crtend?.o *crtend.o) .dtors)
 *(SORT_BY_NAME(.dtors.*))
 *(.dtors)

.dalign         0x0000000020000000        0x0 load address 0x000000000000152c
                0x0000000020000000                . = ALIGN (0x4)
                0x0000000020000000                PROVIDE (_data_vma = .)

.dlalign        0x000000000000152c        0x0
                0x000000000000152c                . = ALIGN (0x4)
                0x000000000000152c                PROVIDE (_data_lma = .)

.data           0x0000000020000000       0x80 load address 0x000000000000152c
 *(.gnu.linkonce.r.*)
 *(.data .data.*)
 .data.HBPrescTable
                0x0000000020000000       0x10 ./User/system_ch32l103.o
                0x0000000020000000                HBPrescTable
 .data.impure_data
                0x0000000020000010       0x60 e:/mounriver/mounriver_studio2/resources/app/resources/win32/components/wch/toolchain/risc-v embedded gcc/bin/../lib/gcc/riscv-none-embed/8.2.0/../../../../riscv-none-embed/lib/rv32imacxw/ilp32\libg_nano.a(lib_a-impure.o)
 *(.gnu.linkonce.d.*)
                0x0000000020000070                . = ALIGN (0x8)
                0x0000000020000870                PROVIDE (__global_pointer$ = (. + 0x800))
 *(.sdata .sdata.*)
 .sdata.Hall_FLAG
                0x0000000020000070        0x1 ./User/main.o
                0x0000000020000070                Hall_FLAG
 *fill*         0x0000000020000071        0x3 
 .sdata.SystemCoreClock
                0x0000000020000074        0x4 ./User/system_ch32l103.o
                0x0000000020000074                SystemCoreClock
 .sdata.curbrk.5023
                0x0000000020000078        0x4 ./Debug/debug.o
 .sdata._impure_ptr
                0x000000002000007c        0x4 e:/mounriver/mounriver_studio2/resources/app/resources/win32/components/wch/toolchain/risc-v embedded gcc/bin/../lib/gcc/riscv-none-embed/8.2.0/../../../../riscv-none-embed/lib/rv32imacxw/ilp32\libg_nano.a(lib_a-impure.o)
                0x000000002000007c                _impure_ptr
 *(.sdata2.*)
 *(.gnu.linkonce.s.*)
                0x0000000020000080                . = ALIGN (0x8)
 *(.srodata.cst16)
 *(.srodata.cst8)
 *(.srodata.cst4)
 *(.srodata.cst2)
 *(.srodata .srodata.*)
                0x0000000020000080                . = ALIGN (0x4)
                0x0000000020000080                PROVIDE (_edata = .)

.bss            0x0000000020000080       0x90 load address 0x00000000000015ac
                0x0000000020000080                . = ALIGN (0x4)
                0x0000000020000080                PROVIDE (_sbss = .)
 *(.sbss*)
 .sbss.CURRENT_MODE
                0x0000000020000080        0x4 ./User/main.o
                0x0000000020000080                CURRENT_MODE
 .sbss.FALSE_RANDOM
                0x0000000020000084        0x4 ./User/main.o
 .sbss.IDLE_TIME_COUNT
                0x0000000020000088        0x4 ./User/main.o
                0x0000000020000088                IDLE_TIME_COUNT
 .sbss.WAKER_FLAG
                0x000000002000008c        0x1 ./User/main.o
                0x000000002000008c                WAKER_FLAG
 *fill*         0x000000002000008d        0x1 
 .sbss.ADC_Trim
                0x000000002000008e        0x2 ./Peripheral/src/ch32l103_gpio.o
                0x000000002000008e                ADC_Trim
 .sbss.CHIPID   0x0000000020000090        0x4 ./Peripheral/src/ch32l103_gpio.o
                0x0000000020000090                CHIPID
 .sbss.OPA_Trim
                0x0000000020000094        0x4 ./Peripheral/src/ch32l103_gpio.o
                0x0000000020000094                OPA_Trim
 .sbss.TS_Val   0x0000000020000098        0x4 ./Peripheral/src/ch32l103_gpio.o
                0x0000000020000098                TS_Val
 .sbss.USBPD_CFG
                0x000000002000009c        0x2 ./Peripheral/src/ch32l103_gpio.o
                0x000000002000009c                USBPD_CFG
 *fill*         0x000000002000009e        0x2 
 .sbss.NVIC_Priority_Group
                0x00000000200000a0        0x4 ./Peripheral/src/ch32l103_misc.o
                0x00000000200000a0                NVIC_Priority_Group
 .sbss.head_handle
                0x00000000200000a4        0x4 ./External/MultiButton/multi_button.o
 .sbss.p_ms     0x00000000200000a8        0x2 ./Debug/debug.o
 .sbss.p_us     0x00000000200000aa        0x2 ./Debug/debug.o
 .sbss.__malloc_free_list
                0x00000000200000ac        0x4 e:/mounriver/mounriver_studio2/resources/app/resources/win32/components/wch/toolchain/risc-v embedded gcc/bin/../lib/gcc/riscv-none-embed/8.2.0/../../../../riscv-none-embed/lib/rv32imacxw/ilp32\libg_nano.a(lib_a-nano-mallocr.o)
                0x00000000200000ac                __malloc_free_list
 .sbss.__malloc_sbrk_start
                0x00000000200000b0        0x4 e:/mounriver/mounriver_studio2/resources/app/resources/win32/components/wch/toolchain/risc-v embedded gcc/bin/../lib/gcc/riscv-none-embed/8.2.0/../../../../riscv-none-embed/lib/rv32imacxw/ilp32\libg_nano.a(lib_a-nano-mallocr.o)
                0x00000000200000b0                __malloc_sbrk_start
 *(.gnu.linkonce.sb.*)
 *(.bss*)
 .bss.Hall_but2
                0x00000000200000b4       0x2c ./User/main.o
                0x00000000200000b4                Hall_but2
 .bss.Vibration_but1
                0x00000000200000e0       0x2c ./User/main.o
                0x00000000200000e0                Vibration_but1
 *(.gnu.linkonce.b.*)
 *(COMMON*)
 COMMON         0x000000002000010c        0x4 e:/mounriver/mounriver_studio2/resources/app/resources/win32/components/wch/toolchain/risc-v embedded gcc/bin/../lib/gcc/riscv-none-embed/8.2.0/../../../../riscv-none-embed/lib/rv32imacxw/ilp32\libg_nano.a(lib_a-reent.o)
                0x000000002000010c                errno
                0x0000000020000110                . = ALIGN (0x4)
                0x0000000020000110                PROVIDE (_ebss = .)
                0x0000000020000110                PROVIDE (_end = _ebss)
                [!provide]                        PROVIDE (end = .)

.stack          0x0000000020004800      0x800
                0x0000000020004800                PROVIDE (_heap_end = .)
                0x0000000020004800                . = ALIGN (0x4)
                [!provide]                        PROVIDE (_susrstack = .)
                0x0000000020005000                . = (. + __stack_size)
 *fill*         0x0000000020004800      0x800 
                0x0000000020005000                PROVIDE (_eusrstack = .)
OUTPUT(SOUND.elf elf32-littleriscv)

.debug_info     0x0000000000000000     0xeea3
 .debug_info    0x0000000000000000     0x10cc ./User/ch32l103_it.o
 .debug_info    0x00000000000010cc     0x1a0b ./User/main.o
 .debug_info    0x0000000000002ad7      0xc31 ./User/system_ch32l103.o
 .debug_info    0x0000000000003708       0x22 ./Startup/startup_ch32l103.o
 .debug_info    0x000000000000372a      0xc61 ./Peripheral/src/ch32l103_exti.o
 .debug_info    0x000000000000438b     0x12e4 ./Peripheral/src/ch32l103_gpio.o
 .debug_info    0x000000000000566f      0xede ./Peripheral/src/ch32l103_misc.o
 .debug_info    0x000000000000654d     0x10dc ./Peripheral/src/ch32l103_pwr.o
 .debug_info    0x0000000000007629     0x12b1 ./Peripheral/src/ch32l103_rcc.o
 .debug_info    0x00000000000088da     0x2ad3 ./Peripheral/src/ch32l103_tim.o
 .debug_info    0x000000000000b3ad      0xd0e ./External/MultiButton/multi_button.o
 .debug_info    0x000000000000c0bb      0xe9a ./External/CX588/CX588.o
 .debug_info    0x000000000000cf55     0x102a ./External/Button/Button.o
 .debug_info    0x000000000000df7f      0xf24 ./Debug/debug.o

.debug_abbrev   0x0000000000000000     0x288d
 .debug_abbrev  0x0000000000000000      0x2c7 ./User/ch32l103_it.o
 .debug_abbrev  0x00000000000002c7      0x357 ./User/main.o
 .debug_abbrev  0x000000000000061e      0x2b4 ./User/system_ch32l103.o
 .debug_abbrev  0x00000000000008d2       0x12 ./Startup/startup_ch32l103.o
 .debug_abbrev  0x00000000000008e4      0x2da ./Peripheral/src/ch32l103_exti.o
 .debug_abbrev  0x0000000000000bbe      0x347 ./Peripheral/src/ch32l103_gpio.o
 .debug_abbrev  0x0000000000000f05      0x2ea ./Peripheral/src/ch32l103_misc.o
 .debug_abbrev  0x00000000000011ef      0x399 ./Peripheral/src/ch32l103_pwr.o
 .debug_abbrev  0x0000000000001588      0x351 ./Peripheral/src/ch32l103_rcc.o
 .debug_abbrev  0x00000000000018d9      0x418 ./Peripheral/src/ch32l103_tim.o
 .debug_abbrev  0x0000000000001cf1      0x320 ./External/MultiButton/multi_button.o
 .debug_abbrev  0x0000000000002011      0x300 ./External/CX588/CX588.o
 .debug_abbrev  0x0000000000002311      0x2a5 ./External/Button/Button.o
 .debug_abbrev  0x00000000000025b6      0x2d7 ./Debug/debug.o

.debug_aranges  0x0000000000000000      0x7c8
 .debug_aranges
                0x0000000000000000       0x48 ./User/ch32l103_it.o
 .debug_aranges
                0x0000000000000048       0x48 ./User/main.o
 .debug_aranges
                0x0000000000000090       0x28 ./User/system_ch32l103.o
 .debug_aranges
                0x00000000000000b8       0x30 ./Startup/startup_ch32l103.o
 .debug_aranges
                0x00000000000000e8       0x50 ./Peripheral/src/ch32l103_exti.o
 .debug_aranges
                0x0000000000000138       0xa8 ./Peripheral/src/ch32l103_gpio.o
 .debug_aranges
                0x00000000000001e0       0x28 ./Peripheral/src/ch32l103_misc.o
 .debug_aranges
                0x0000000000000208       0xa0 ./Peripheral/src/ch32l103_pwr.o
 .debug_aranges
                0x00000000000002a8      0x130 ./Peripheral/src/ch32l103_rcc.o
 .debug_aranges
                0x00000000000003d8      0x2e0 ./Peripheral/src/ch32l103_tim.o
 .debug_aranges
                0x00000000000006b8       0x48 ./External/MultiButton/multi_button.o
 .debug_aranges
                0x0000000000000700       0x48 ./External/CX588/CX588.o
 .debug_aranges
                0x0000000000000748       0x38 ./External/Button/Button.o
 .debug_aranges
                0x0000000000000780       0x48 ./Debug/debug.o

.debug_ranges   0x0000000000000000      0x830
 .debug_ranges  0x0000000000000000       0x38 ./User/ch32l103_it.o
 .debug_ranges  0x0000000000000038       0x38 ./User/main.o
 .debug_ranges  0x0000000000000070       0x18 ./User/system_ch32l103.o
 .debug_ranges  0x0000000000000088       0x28 ./Startup/startup_ch32l103.o
 .debug_ranges  0x00000000000000b0       0x40 ./Peripheral/src/ch32l103_exti.o
 .debug_ranges  0x00000000000000f0       0x98 ./Peripheral/src/ch32l103_gpio.o
 .debug_ranges  0x0000000000000188       0x48 ./Peripheral/src/ch32l103_misc.o
 .debug_ranges  0x00000000000001d0      0x110 ./Peripheral/src/ch32l103_pwr.o
 .debug_ranges  0x00000000000002e0      0x120 ./Peripheral/src/ch32l103_rcc.o
 .debug_ranges  0x0000000000000400      0x300 ./Peripheral/src/ch32l103_tim.o
 .debug_ranges  0x0000000000000700       0x58 ./External/MultiButton/multi_button.o
 .debug_ranges  0x0000000000000758       0x78 ./External/CX588/CX588.o
 .debug_ranges  0x00000000000007d0       0x28 ./External/Button/Button.o
 .debug_ranges  0x00000000000007f8       0x38 ./Debug/debug.o

.debug_line     0x0000000000000000     0xa61d
 .debug_line    0x0000000000000000      0x574 ./User/ch32l103_it.o
 .debug_line    0x0000000000000574      0xa01 ./User/main.o
 .debug_line    0x0000000000000f75      0x696 ./User/system_ch32l103.o
 .debug_line    0x000000000000160b      0x11e ./Startup/startup_ch32l103.o
 .debug_line    0x0000000000001729      0x64f ./Peripheral/src/ch32l103_exti.o
 .debug_line    0x0000000000001d78     0x1427 ./Peripheral/src/ch32l103_gpio.o
 .debug_line    0x000000000000319f      0x456 ./Peripheral/src/ch32l103_misc.o
 .debug_line    0x00000000000035f5      0xd36 ./Peripheral/src/ch32l103_pwr.o
 .debug_line    0x000000000000432b     0x125a ./Peripheral/src/ch32l103_rcc.o
 .debug_line    0x0000000000005585     0x32e7 ./Peripheral/src/ch32l103_tim.o
 .debug_line    0x000000000000886c      0x8eb ./External/MultiButton/multi_button.o
 .debug_line    0x0000000000009157      0x5c3 ./External/CX588/CX588.o
 .debug_line    0x000000000000971a      0x7ad ./External/Button/Button.o
 .debug_line    0x0000000000009ec7      0x756 ./Debug/debug.o

.debug_str      0x0000000000000000     0x2a87
 .debug_str     0x0000000000000000      0x86a ./User/ch32l103_it.o
                                        0x8f3 (size before relaxing)
 .debug_str     0x000000000000086a      0xa05 ./User/main.o
                                       0x11f7 (size before relaxing)
 .debug_str     0x000000000000126f       0xf7 ./User/system_ch32l103.o
                                        0x70c (size before relaxing)
 .debug_str     0x0000000000001366       0x2a ./Startup/startup_ch32l103.o
                                         0x4d (size before relaxing)
 .debug_str     0x0000000000001390      0x19d ./Peripheral/src/ch32l103_exti.o
                                        0x7c2 (size before relaxing)
 .debug_str     0x000000000000152d      0x220 ./Peripheral/src/ch32l103_gpio.o
                                        0x99f (size before relaxing)
 .debug_str     0x000000000000174d       0xb5 ./Peripheral/src/ch32l103_misc.o
                                        0xaf5 (size before relaxing)
 .debug_str     0x0000000000001802      0x1d2 ./Peripheral/src/ch32l103_pwr.o
                                        0x8b4 (size before relaxing)
 .debug_str     0x00000000000019d4      0x3bf ./Peripheral/src/ch32l103_rcc.o
                                        0xadc (size before relaxing)
 .debug_str     0x0000000000001d93      0xa36 ./Peripheral/src/ch32l103_tim.o
                                       0x12ea (size before relaxing)
 .debug_str     0x00000000000027c9       0xa7 ./External/MultiButton/multi_button.o
                                        0x74e (size before relaxing)
 .debug_str     0x0000000000002870       0x8c ./External/CX588/CX588.o
                                        0x91f (size before relaxing)
 .debug_str     0x00000000000028fc       0x3e ./External/Button/Button.o
                                        0xc91 (size before relaxing)
 .debug_str     0x000000000000293a      0x14d ./Debug/debug.o
                                        0x90d (size before relaxing)

.comment        0x0000000000000000       0x33
 .comment       0x0000000000000000       0x33 ./User/ch32l103_it.o
                                         0x34 (size before relaxing)
 .comment       0x0000000000000033       0x34 ./User/main.o
 .comment       0x0000000000000033       0x34 ./User/system_ch32l103.o
 .comment       0x0000000000000033       0x34 ./Peripheral/src/ch32l103_exti.o
 .comment       0x0000000000000033       0x34 ./Peripheral/src/ch32l103_gpio.o
 .comment       0x0000000000000033       0x34 ./Peripheral/src/ch32l103_misc.o
 .comment       0x0000000000000033       0x34 ./Peripheral/src/ch32l103_pwr.o
 .comment       0x0000000000000033       0x34 ./Peripheral/src/ch32l103_rcc.o
 .comment       0x0000000000000033       0x34 ./Peripheral/src/ch32l103_tim.o
 .comment       0x0000000000000033       0x34 ./External/MultiButton/multi_button.o
 .comment       0x0000000000000033       0x34 ./External/CX588/CX588.o
 .comment       0x0000000000000033       0x34 ./External/Button/Button.o
 .comment       0x0000000000000033       0x34 ./Debug/debug.o

.debug_frame    0x0000000000000000     0x11ac
 .debug_frame   0x0000000000000000       0x7c ./User/ch32l103_it.o
 .debug_frame   0x000000000000007c       0xd0 ./User/main.o
 .debug_frame   0x000000000000014c       0x40 ./User/system_ch32l103.o
 .debug_frame   0x000000000000018c       0x90 ./Peripheral/src/ch32l103_exti.o
 .debug_frame   0x000000000000021c      0x160 ./Peripheral/src/ch32l103_gpio.o
 .debug_frame   0x000000000000037c       0x30 ./Peripheral/src/ch32l103_misc.o
 .debug_frame   0x00000000000003ac      0x12c ./Peripheral/src/ch32l103_pwr.o
 .debug_frame   0x00000000000004d8      0x254 ./Peripheral/src/ch32l103_rcc.o
 .debug_frame   0x000000000000072c      0x634 ./Peripheral/src/ch32l103_tim.o
 .debug_frame   0x0000000000000d60       0xa8 ./External/MultiButton/multi_button.o
 .debug_frame   0x0000000000000e08       0xcc ./External/CX588/CX588.o
 .debug_frame   0x0000000000000ed4       0xa0 ./External/Button/Button.o
 .debug_frame   0x0000000000000f74       0x9c ./Debug/debug.o
 .debug_frame   0x0000000000001010       0x5c e:/mounriver/mounriver_studio2/resources/app/resources/win32/components/wch/toolchain/risc-v embedded gcc/bin/../lib/gcc/riscv-none-embed/8.2.0/../../../../riscv-none-embed/lib/rv32imacxw/ilp32\libg_nano.a(lib_a-rand.o)
 .debug_frame   0x000000000000106c       0x30 e:/mounriver/mounriver_studio2/resources/app/resources/win32/components/wch/toolchain/risc-v embedded gcc/bin/../lib/gcc/riscv-none-embed/8.2.0/../../../../riscv-none-embed/lib/rv32imacxw/ilp32\libg_nano.a(lib_a-malloc.o)
 .debug_frame   0x000000000000109c       0x40 e:/mounriver/mounriver_studio2/resources/app/resources/win32/components/wch/toolchain/risc-v embedded gcc/bin/../lib/gcc/riscv-none-embed/8.2.0/../../../../riscv-none-embed/lib/rv32imacxw/ilp32\libg_nano.a(lib_a-nano-mallocr.o)
 .debug_frame   0x00000000000010dc       0x30 e:/mounriver/mounriver_studio2/resources/app/resources/win32/components/wch/toolchain/risc-v embedded gcc/bin/../lib/gcc/riscv-none-embed/8.2.0/../../../../riscv-none-embed/lib/rv32imacxw/ilp32\libg_nano.a(lib_a-sbrkr.o)
 .debug_frame   0x000000000000110c       0x30 e:/mounriver/mounriver_studio2/resources/app/resources/win32/components/wch/toolchain/risc-v embedded gcc/bin/../lib/gcc/riscv-none-embed/8.2.0/../../../../riscv-none-embed/lib/rv32imacxw/ilp32\libg_nano.a(lib_a-mlock.o)
 .debug_frame   0x000000000000113c       0x70 e:/mounriver/mounriver_studio2/resources/app/resources/win32/components/wch/toolchain/risc-v embedded gcc/bin/../lib/gcc/riscv-none-embed/8.2.0/../../../../riscv-none-embed/lib/rv32imacxw/ilp32\libg_nano.a(lib_a-reent.o)

.debug_loc      0x0000000000000000     0x3441
 .debug_loc     0x0000000000000000       0xbc ./User/main.o
 .debug_loc     0x00000000000000bc       0xac ./User/system_ch32l103.o
 .debug_loc     0x0000000000000168      0x181 ./Peripheral/src/ch32l103_exti.o
 .debug_loc     0x00000000000002e9      0x863 ./Peripheral/src/ch32l103_gpio.o
 .debug_loc     0x0000000000000b4c       0x2d ./Peripheral/src/ch32l103_misc.o
 .debug_loc     0x0000000000000b79      0x2fa ./Peripheral/src/ch32l103_pwr.o
 .debug_loc     0x0000000000000e73      0x797 ./Peripheral/src/ch32l103_rcc.o
 .debug_loc     0x000000000000160a     0x1a0f ./Peripheral/src/ch32l103_tim.o
 .debug_loc     0x0000000000003019      0x190 ./External/MultiButton/multi_button.o
 .debug_loc     0x00000000000031a9       0xd1 ./External/CX588/CX588.o
 .debug_loc     0x000000000000327a      0x1c7 ./Debug/debug.o
